{
  "generated_utc": "2026-07-30T22:22:57.761416+00:00",
  "method": "current_event_stage_discharge_fit_then_rs18883_multi_point_wse_curve",
  "project_location": {
    "river_station": 18883,
    "description": "Trail and pedestrian bridge project section near Starkey",
    "downstream_bridge_sections": [
      18192,
      18178
    ],
    "note": "RS 18883 is the project section; bridge sections near RS 18192/18178 are not used as the project WSE location."
  },
  "hydrograph_limb": "falling",
  "current_event_rating_fit": {
    "slope_m3s_per_m": 12.23639719183369,
    "intercept_m3s": -14.629915134046866,
    "r2": 0.989513841537694,
    "rmse_m3s": 0.027597894743799933,
    "n_hourly_points": 93,
    "start_utc": "2026-07-26T22:00:00+00:00",
    "end_utc": "2026-07-30T22:00:00+00:00",
    "stage_range_m": [
      2.1135,
      2.2015000000000002
    ],
    "discharge_range_m3s": [
      11.2,
      12.3
    ]
  },
  "current": {
    "stage_05EA002_m": 2.115,
    "observed_discharge_05EA002_m3s": 11.3,
    "fit_discharge_05EA002_m3s": 11.250064926681391,
    "estimated_starkey_wse_m": 650.4326861031101,
    "estimated_project_wse_m": 650.4326861031101,
    "estimated_starkey_wse_range_m": [
      650.2826861031101,
      650.5826861031101
    ],
    "depth_over_main_floodplain_m": 0.23268610311004068,
    "depth_over_low_pocket_m": 0.8326861031100634
  },
  "construction_threshold": {
    "main_floodplain_wse_m": 650.2,
    "calibrated_target_discharge_m3s": 6.77,
    "equivalent_05EA002_stage_on_current_limb_m": 1.7488738554783683,
    "interpretation": "The physical project threshold is 650.20 m. The current-event stage corresponding to the operational 6.77 m3/s anchor is used instead of either the contextual 1.50 m or 1.70 m gauge-stage observations."
  },
  "scenarios": {
    "dry": {
      "main_floodplain_crossing_days": 8.98354428329566,
      "main_floodplain_crossing_date_utc": "2026-08-08",
      "path_daily": [
        {
          "day": 0.0,
          "stage_05EA002_m": 2.115,
          "estimated_discharge_m3s": 11.250064926681391,
          "estimated_project_wse_m": 650.4306745416699,
          "estimated_starkey_wse_m": 650.4306745416699,
          "depth_over_main_floodplain_m": 0.2306745416698277
        },
        {
          "day": 1.0,
          "stage_05EA002_m": 2.0672468483723203,
          "estimated_discharge_m3s": 10.66573839620324,
          "estimated_project_wse_m": 650.4064488687148,
          "estimated_starkey_wse_m": 650.4064488687148,
          "depth_over_main_floodplain_m": 0.2064488687148014
        },
        {
          "day": 2.0,
          "stage_05EA002_m": 2.0731971282835984,
          "estimated_discharge_m3s": 10.738548384600227,
          "estimated_project_wse_m": 650.409538926299,
          "estimated_starkey_wse_m": 650.409538926299,
          "depth_over_main_floodplain_m": 0.2095389262989329
        },
        {
          "day": 3.0,
          "stage_05EA002_m": 2.02574512093523,
          "estimated_discharge_m3s": 10.15790677513578,
          "estimated_project_wse_m": 650.3842912134663,
          "estimated_starkey_wse_m": 650.3842912134663,
          "depth_over_main_floodplain_m": 0.18429121346628108
        },
        {
          "day": 4.0,
          "stage_05EA002_m": 1.9786349537516172,
          "estimated_discharge_m3s": 9.581448057703406,
          "estimated_project_wse_m": 650.3577553354678,
          "estimated_starkey_wse_m": 650.3577553354678,
          "depth_over_main_floodplain_m": 0.15775533546775478
        },
        {
          "day": 5.0,
          "stage_05EA002_m": 1.9318641641457217,
          "estimated_discharge_m3s": 9.009142099109981,
          "estimated_project_wse_m": 650.3297818206767,
          "estimated_starkey_wse_m": 650.3297818206767,
          "depth_over_main_floodplain_m": 0.12978182067661237
        },
        {
          "day": 6.0,
          "stage_05EA002_m": 1.885430307270769,
          "estimated_discharge_m3s": 8.440958983239303,
          "estimated_project_wse_m": 650.3001936154951,
          "estimated_starkey_wse_m": 650.3001936154951,
          "depth_over_main_floodplain_m": 0.10019361549507266
        },
        {
          "day": 7.0,
          "stage_05EA002_m": 1.8393309558924504,
          "estimated_discharge_m3s": 7.87686900948829,
          "estimated_project_wse_m": 650.2687788507463,
          "estimated_starkey_wse_m": 650.2687788507463,
          "depth_over_main_floodplain_m": 0.0687788507462983
        },
        {
          "day": 8.0,
          "stage_05EA002_m": 1.7935637002620437,
          "estimated_discharge_m3s": 7.316842691214449,
          "estimated_project_wse_m": 650.2352810693006,
          "estimated_starkey_wse_m": 650.2352810693006,
          "depth_over_main_floodplain_m": 0.035281069300594936
        },
        {
          "day": 9.0,
          "stage_05EA002_m": 1.7481261479904484,
          "estimated_discharge_m3s": 6.760850754194502,
          "estimated_project_wse_m": 650.1993857644409,
          "estimated_starkey_wse_m": 650.1993857644409,
          "depth_over_main_floodplain_m": -0.0006142355591691739
        },
        {
          "day": 10.0,
          "stage_05EA002_m": 1.753787892718991,
          "estimated_discharge_m3s": 6.830130111491721,
          "estimated_project_wse_m": 650.2040163030274,
          "estimated_starkey_wse_m": 650.2040163030274,
          "depth_over_main_floodplain_m": 0.004016303027356116
        },
        {
          "day": 11.0,
          "stage_05EA002_m": 1.7086368819313833,
          "estimated_discharge_m3s": 6.277644409881786,
          "estimated_project_wse_m": 650.1657052435966,
          "estimated_starkey_wse_m": 650.1657052435966,
          "depth_over_main_floodplain_m": -0.03429475640348301
        },
        {
          "day": 12.0,
          "stage_05EA002_m": 1.6638111351279352,
          "estimated_discharge_m3s": 5.729138767574225,
          "estimated_project_wse_m": 650.1241781519319,
          "estimated_starkey_wse_m": 650.1241781519319,
          "depth_over_main_floodplain_m": -0.07582184806813075
        },
        {
          "day": 13.0,
          "stage_05EA002_m": 1.6193083091349827,
          "estimated_discharge_m3s": 5.1845845125653955,
          "estimated_project_wse_m": 650.0788149484266,
          "estimated_starkey_wse_m": 650.0788149484266,
          "depth_over_main_floodplain_m": -0.12118505157343407
        },
        {
          "day": 14.0,
          "stage_05EA002_m": 1.575126077658882,
          "estimated_discharge_m3s": 4.643953179402294,
          "estimated_project_wse_m": 650.0287970326698,
          "estimated_starkey_wse_m": 650.0287970326698,
          "depth_over_main_floodplain_m": -0.17120296733025953
        },
        {
          "day": 15.0,
          "stage_05EA002_m": 1.5312621311644086,
          "estimated_discharge_m3s": 4.1072165076945755,
          "estimated_project_wse_m": 649.9730123046451,
          "estimated_starkey_wse_m": 649.9730123046451,
          "depth_over_main_floodplain_m": -0.2269876953549783
        },
        {
          "day": 16.0,
          "stage_05EA002_m": 1.4877141767540296,
          "estimated_discharge_m3s": 3.5743464406373118,
          "estimated_project_wse_m": 649.9098955700281,
          "estimated_starkey_wse_m": 649.9098955700281,
          "depth_over_main_floodplain_m": -0.2901044299719615
        }
      ]
    },
    "central": {
      "main_floodplain_crossing_days": 11.234133029088035,
      "main_floodplain_crossing_date_utc": "2026-08-11",
      "path_daily": [
        {
          "day": 0.0,
          "stage_05EA002_m": 2.115,
          "estimated_discharge_m3s": 11.250064926681391,
          "estimated_project_wse_m": 650.4306745416699,
          "estimated_starkey_wse_m": 650.4306745416699,
          "depth_over_main_floodplain_m": 0.2306745416698277
        },
        {
          "day": 1.0,
          "stage_05EA002_m": 2.0672468483723203,
          "estimated_discharge_m3s": 10.66573839620324,
          "estimated_project_wse_m": 650.4064488687148,
          "estimated_starkey_wse_m": 650.4064488687148,
          "depth_over_main_floodplain_m": 0.2064488687148014
        },
        {
          "day": 2.0,
          "stage_05EA002_m": 2.0731971282835984,
          "estimated_discharge_m3s": 10.738548384600227,
          "estimated_project_wse_m": 650.409538926299,
          "estimated_starkey_wse_m": 650.409538926299,
          "depth_over_main_floodplain_m": 0.2095389262989329
        },
        {
          "day": 3.0,
          "stage_05EA002_m": 2.02574512093523,
          "estimated_discharge_m3s": 10.15790677513578,
          "estimated_project_wse_m": 650.3842912134663,
          "estimated_starkey_wse_m": 650.3842912134663,
          "depth_over_main_floodplain_m": 0.18429121346628108
        },
        {
          "day": 4.0,
          "stage_05EA002_m": 1.9786349537516172,
          "estimated_discharge_m3s": 9.581448057703406,
          "estimated_project_wse_m": 650.3577553354678,
          "estimated_starkey_wse_m": 650.3577553354678,
          "depth_over_main_floodplain_m": 0.15775533546775478
        },
        {
          "day": 5.0,
          "stage_05EA002_m": 1.9845051146070762,
          "estimated_discharge_m3s": 9.653277677510756,
          "estimated_project_wse_m": 650.361147635725,
          "estimated_starkey_wse_m": 650.361147635725,
          "depth_over_main_floodplain_m": 0.16114763572500124
        },
        {
          "day": 6.0,
          "stage_05EA002_m": 1.9376920368691055,
          "estimated_discharge_m3s": 9.08045426453676,
          "estimated_project_wse_m": 650.3333628814746,
          "estimated_starkey_wse_m": 650.3333628814746,
          "depth_over_main_floodplain_m": 0.13336288147456798
        },
        {
          "day": 7.0,
          "stage_05EA002_m": 1.891216196502131,
          "estimated_discharge_m3s": 8.511757421982201,
          "estimated_project_wse_m": 650.3039873034481,
          "estimated_starkey_wse_m": 650.3039873034481,
          "depth_over_main_floodplain_m": 0.10398730344809337
        },
        {
          "day": 8.0,
          "stage_05EA002_m": 1.845075164077243,
          "estimated_discharge_m3s": 7.947157422389994,
          "estimated_project_wse_m": 650.2728138577291,
          "estimated_starkey_wse_m": 650.2728138577291,
          "depth_over_main_floodplain_m": 0.07281385772910198
        },
        {
          "day": 9.0,
          "stage_05EA002_m": 1.799266527666928,
          "estimated_discharge_m3s": 7.386624752457086,
          "estimated_project_wse_m": 650.2395923071856,
          "estimated_starkey_wse_m": 650.2395923071856,
          "depth_over_main_floodplain_m": 0.03959230718555773
        },
        {
          "day": 10.0,
          "stage_05EA002_m": 1.8049745113225522,
          "estimated_discharge_m3s": 7.4564699076317975,
          "estimated_project_wse_m": 650.2438668505945,
          "estimated_starkey_wse_m": 650.2438668505945,
          "depth_over_main_floodplain_m": 0.04386685059444062
        },
        {
          "day": 11.0,
          "stage_05EA002_m": 1.759454756553088,
          "estimated_discharge_m3s": 6.899472108197768,
          "estimated_project_wse_m": 650.2086042329715,
          "estimated_starkey_wse_m": 650.2086042329715,
          "depth_over_main_floodplain_m": 0.00860423297149282
        },
        {
          "day": 12.0,
          "stage_05EA002_m": 1.7142629221675982,
          "estimated_discharge_m3s": 6.346486872829347,
          "estimated_project_wse_m": 650.170658991473,
          "estimated_starkey_wse_m": 650.170658991473,
          "depth_over_main_floodplain_m": -0.02934100852701249
        },
        {
          "day": 13.0,
          "stage_05EA002_m": 1.6693966458559428,
          "estimated_discharge_m3s": 5.7974852953613745,
          "estimated_project_wse_m": 650.1295644962711,
          "estimated_starkey_wse_m": 650.1295644962711,
          "depth_over_main_floodplain_m": -0.07043550372895879
        },
        {
          "day": 14.0,
          "stage_05EA002_m": 1.6248535823258619,
          "estimated_discharge_m3s": 5.2524386778662215,
          "estimated_project_wse_m": 650.084720774866,
          "estimated_starkey_wse_m": 650.084720774866,
          "depth_over_main_floodplain_m": -0.11527922513403155
        },
        {
          "day": 15.0,
          "stage_05EA002_m": 1.5806314031803768,
          "estimated_discharge_m3s": 4.711318529153642,
          "estimated_project_wse_m": 650.0353383070562,
          "estimated_starkey_wse_m": 650.0353383070562,
          "depth_over_main_floodplain_m": -0.1646616929438096
        },
        {
          "day": 16.0,
          "stage_05EA002_m": 1.5367277967960806,
          "estimated_discharge_m3s": 4.174096563281468,
          "estimated_project_wse_m": 649.9803486803023,
          "estimated_starkey_wse_m": 649.9803486803023,
          "depth_over_main_floodplain_m": -0.2196513196977321
        }
      ]
    },
    "wet": {
      "main_floodplain_crossing_days": 11.234133029088035,
      "main_floodplain_crossing_date_utc": "2026-08-11",
      "path_daily": [
        {
          "day": 0.0,
          "stage_05EA002_m": 2.115,
          "estimated_discharge_m3s": 11.250064926681391,
          "estimated_project_wse_m": 650.4306745416699,
          "estimated_starkey_wse_m": 650.4306745416699,
          "depth_over_main_floodplain_m": 0.2306745416698277
        },
        {
          "day": 1.0,
          "stage_05EA002_m": 2.0672468483723203,
          "estimated_discharge_m3s": 10.66573839620324,
          "estimated_project_wse_m": 650.4064488687148,
          "estimated_starkey_wse_m": 650.4064488687148,
          "depth_over_main_floodplain_m": 0.2064488687148014
        },
        {
          "day": 2.0,
          "stage_05EA002_m": 2.0731971282835984,
          "estimated_discharge_m3s": 10.738548384600227,
          "estimated_project_wse_m": 650.409538926299,
          "estimated_starkey_wse_m": 650.409538926299,
          "depth_over_main_floodplain_m": 0.2095389262989329
        },
        {
          "day": 3.0,
          "stage_05EA002_m": 2.02574512093523,
          "estimated_discharge_m3s": 10.15790677513578,
          "estimated_project_wse_m": 650.3842912134663,
          "estimated_starkey_wse_m": 650.3842912134663,
          "depth_over_main_floodplain_m": 0.18429121346628108
        },
        {
          "day": 4.0,
          "stage_05EA002_m": 1.9786349537516172,
          "estimated_discharge_m3s": 9.581448057703406,
          "estimated_project_wse_m": 650.3577553354678,
          "estimated_starkey_wse_m": 650.3577553354678,
          "depth_over_main_floodplain_m": 0.15775533546775478
        },
        {
          "day": 5.0,
          "stage_05EA002_m": 1.9845051146070762,
          "estimated_discharge_m3s": 9.653277677510756,
          "estimated_project_wse_m": 650.361147635725,
          "estimated_starkey_wse_m": 650.361147635725,
          "depth_over_main_floodplain_m": 0.16114763572500124
        },
        {
          "day": 6.0,
          "stage_05EA002_m": 1.9376920368691055,
          "estimated_discharge_m3s": 9.08045426453676,
          "estimated_project_wse_m": 650.3333628814746,
          "estimated_starkey_wse_m": 650.3333628814746,
          "depth_over_main_floodplain_m": 0.13336288147456798
        },
        {
          "day": 7.0,
          "stage_05EA002_m": 1.891216196502131,
          "estimated_discharge_m3s": 8.511757421982201,
          "estimated_project_wse_m": 650.3039873034481,
          "estimated_starkey_wse_m": 650.3039873034481,
          "depth_over_main_floodplain_m": 0.10398730344809337
        },
        {
          "day": 8.0,
          "stage_05EA002_m": 1.845075164077243,
          "estimated_discharge_m3s": 7.947157422389994,
          "estimated_project_wse_m": 650.2728138577291,
          "estimated_starkey_wse_m": 650.2728138577291,
          "depth_over_main_floodplain_m": 0.07281385772910198
        },
        {
          "day": 9.0,
          "stage_05EA002_m": 1.799266527666928,
          "estimated_discharge_m3s": 7.386624752457086,
          "estimated_project_wse_m": 650.2395923071856,
          "estimated_starkey_wse_m": 650.2395923071856,
          "depth_over_main_floodplain_m": 0.03959230718555773
        },
        {
          "day": 10.0,
          "stage_05EA002_m": 1.8049745113225522,
          "estimated_discharge_m3s": 7.4564699076317975,
          "estimated_project_wse_m": 650.2438668505945,
          "estimated_starkey_wse_m": 650.2438668505945,
          "depth_over_main_floodplain_m": 0.04386685059444062
        },
        {
          "day": 11.0,
          "stage_05EA002_m": 1.759454756553088,
          "estimated_discharge_m3s": 6.899472108197768,
          "estimated_project_wse_m": 650.2086042329715,
          "estimated_starkey_wse_m": 650.2086042329715,
          "depth_over_main_floodplain_m": 0.00860423297149282
        },
        {
          "day": 12.0,
          "stage_05EA002_m": 1.7142629221675982,
          "estimated_discharge_m3s": 6.346486872829347,
          "estimated_project_wse_m": 650.170658991473,
          "estimated_starkey_wse_m": 650.170658991473,
          "depth_over_main_floodplain_m": -0.02934100852701249
        },
        {
          "day": 13.0,
          "stage_05EA002_m": 1.6693966458559428,
          "estimated_discharge_m3s": 5.7974852953613745,
          "estimated_project_wse_m": 650.1295644962711,
          "estimated_starkey_wse_m": 650.1295644962711,
          "depth_over_main_floodplain_m": -0.07043550372895879
        },
        {
          "day": 14.0,
          "stage_05EA002_m": 1.6248535823258619,
          "estimated_discharge_m3s": 5.2524386778662215,
          "estimated_project_wse_m": 650.084720774866,
          "estimated_starkey_wse_m": 650.084720774866,
          "depth_over_main_floodplain_m": -0.11527922513403155
        },
        {
          "day": 15.0,
          "stage_05EA002_m": 1.5806314031803768,
          "estimated_discharge_m3s": 4.711318529153642,
          "estimated_project_wse_m": 650.0353383070562,
          "estimated_starkey_wse_m": 650.0353383070562,
          "depth_over_main_floodplain_m": -0.1646616929438096
        },
        {
          "day": 16.0,
          "stage_05EA002_m": 1.5367277967960806,
          "estimated_discharge_m3s": 4.174096563281468,
          "estimated_project_wse_m": 649.9803486803023,
          "estimated_starkey_wse_m": 649.9803486803023,
          "depth_over_main_floodplain_m": -0.2196513196977321
        }
      ]
    }
  },
  "uncertainty": {
    "starkey_transfer_m": 0.15,
    "rating_fit_rmse_m3s": 0.027597894743799933,
    "confidence": "low_to_moderate_for_scheduling; field verification required"
  },
  "low_pocket": {
    "elevation_m": 649.6,
    "status": "not reliably represented by river-stage transfer",
    "interpretation": "The 649.60 m pocket may be controlled by local ponding/drainage. Raising it toward 650.20 m removes this separate low-point constraint."
  },
  "limitations": [
    "The current-event rating is fitted to recent provisional 05EA002 observations and can shift if backwater or conveyance changes.",
    "Forecast paths are daily recession-delay scenarios, not an unsteady hydraulic simulation.",
    "The 650.20 m / 6.77 m3/s low-flow anchor is reconstructed rather than one concurrent surveyed project-site water level.",
    "The RS18883 curve is now constrained by the complete 2- to 1,000-year design profile above 14 m3/s, but the segment from 6.77 to 14 m3/s still depends on the approximate low-flow anchor.",
    "Final construction release requires direct site inspection and bearing-capacity confirmation."
  ]
}
