{
  "generated_utc": "2026-08-02T18:19:33+00:00",
  "status": "historical_response_shadow_available",
  "mode": "shadow_only_no_effect_on_operational_forecast",
  "hrdps": {
    "run_time_utc": "2026-08-02T12:00:00+00:00",
    "horizon_h": 48,
    "complete_horizon": true,
    "basin_mm": 8.71498060297751,
    "storm_type": "mixed_or_weak",
    "feature_vector": {
      "basin_mm": 8.71498060297751,
      "lower_ratio": 1.1284244710332212,
      "upper_ratio": 1.0527259819715045,
      "duration_h": 18.0,
      "antecedent_168h_mm": 13.528301784246812,
      "basin_pct_gt_10mm": 37.04600484261501,
      "pre_stage_m": 2.053
    }
  },
  "official_analogue_response_days_lost": 1.1379445123278669,
  "historical_censored_model_days_lost": 5.0780073149513525,
  "historical_model_minus_official_days": 3.9400628026234856,
  "historical_model_rmse_sensitivity_days": 4.040135623521664,
  "historical_model_upper_rmse_sensitivity_days": 9.118142938473017,
  "prediction_detail": {
    "status": "prediction_available",
    "transformed_features": {
      "log_basin_mm": 2.2736690862219042,
      "log_antecedent_168h_mm": 2.6760985942372715,
      "pre_stage_m": 2.053
    },
    "standardized_features": {
      "log_basin_mm": 0.020216699410615938,
      "log_antecedent_168h_mm": 0.9798504089839759,
      "pre_stage_m": 1.3635602229976214
    },
    "prediction_log1p_days": 1.8046768980067682
  },
  "historical_model": {
    "status": "historical_censored_response_model_evaluated",
    "target": "stage_exact_recession_equivalent_days",
    "resolved_peak_events": 10,
    "censored_lower_bound_events": 26,
    "preferred_feature_set": "amount_only",
    "preferred_exact_rmse_days": 4.040135623521664,
    "constraint_satisfaction_pct": 65.38461538461539,
    "combined_screen_passed": false,
    "promotion_screen": {
      "candidate_passes_minimum_screen": false,
      "automatic_promotion_enabled": false,
      "reasons_not_to_promote": [
        "no_candidate_preserves_exact_event_skill_and_satisfies_75_percent_of_censored_bounds",
        "spatial_features_are_not_selected"
      ],
      "requirements": [
        "at least ten resolved response peaks",
        "at least fifteen unresolved censored lower bounds",
        "leave-one-event-out exact-event RMSE no more than 15 percent worse than exact-only amount model",
        "at least 75 percent of censored lower bounds satisfied",
        "spatial model selected over amount-only model",
        "manual engineering review and operational hindcast"
      ]
    }
  },
  "interpretation": "This is an independent historical response comparison using all resolved peaks and censored lower bounds. It does not alter the official forecast. A difference is diagnostic evidence, not a calibrated probability.",
  "limitations": [
    "The historical candidate is amount-only because 10 km spatial features did not improve leave-one-event-out skill.",
    "The candidate satisfies only about 65 percent of censored lower bounds and has not passed promotion gates.",
    "The RMSE-based upper sensitivity is not a p90 confidence bound."
  ]
}
