{
  "generated_utc": "2026-07-31T03:56:48.487964+00:00",
  "scope": {
    "short_range": "HRDPS 0-48 h handled by qpf_forecast_v2.py",
    "medium_range": "GDPS deterministic through 240 h",
    "ensemble_range": "GEPS probabilistic through 384 h",
    "beyond_16_days": "No event-scale water-level prediction; extended products are outlook/anomaly only."
  },
  "gdps": {
    "model": "GDPS",
    "status": "no run discovered"
  },
  "geps": {
    "model": "GEPS",
    "status": "no run discovered"
  },
  "row_counts": {
    "gdps_intervals": 0,
    "gdps_horizons": 0,
    "geps": 0
  },
  "warning_count": 2
}
