{
  "status": "diagnostic_only",
  "current_limb": "falling",
  "rising_points": 36,
  "falling_points": 278,
  "comparison_status": "apparent_loop_quantified",
  "confidence_effect": "small_apparent_hysteresis"
}
{
  "status": "diagnostic_only_no_automatic_recalibration",
  "score": 58.0,
  "tier": "low_to_moderate",
  "short_range_input": "material_short_range_qpf_feature_vector_available",
  "feature_coverage": "material_extrapolation",
  "rating_support": "material_target_extrapolation",
  "transfer_support": "approximate_low_flow_anchor_plus_complete_design_profile",
  "historical_validation": "screened_event_block_validation_available",
  "storage_signal": "low_residual_storage_signal"
}
{
  "status": "operational_sensitivity_not_calibrated_probability",
  "central_p50": {
    "days": 12.163440316577926,
    "date_utc": "2026-08-12"
  },
  "screened_direct_q_p50": {
    "days": 13.496773649911262,
    "date_utc": "2026-08-14"
  },
  "unscreened_direct_q_p50": {
    "days": 14.330106983244594,
    "date_utc": "2026-08-14"
  },
  "protected_schedule_p90": {
    "days": 20.568127989301065,
    "date_utc": "2026-08-21"
  },
  "protected_schedule_source": "transfer_and_response_sensitivity"
}
{
  "status": "not_ready_for_extended_historical_testing",
  "dry_hourly_points": 101,
  "holdout": {
    "train_points": 70,
    "test_points": 31,
    "official_stage_recession_then_rating": {
      "n": 31,
      "rmse_m3s": 0.32299611310293674,
      "mae_m3s": 0.19807180529760854,
      "bias_m3s": -0.1087125933207275
    },
    "direct_discharge_candidate": {
      "n": 31,
      "rmse_m3s": 0.30639262450402827,
      "mae_m3s": 0.19270380390686684,
      "bias_m3s": -0.06536871598178537
    },
    "rmse_improvement_fraction": 0.05140460805984082,
    "minimum_improvement_required": 0.1
  },
  "current_projection": {
    "current_discharge_m3s": 11.1,
    "candidate_rain_free": {
      "reached": false,
      "hours": null,
      "days": null,
      "path_daily": [
        {
          "day": 1,
          "discharge_m3s": 10.864543479152575,
          "rate_m3s_per_day": -0.22102292322965922
        },
        {
          "day": 2,
          "discharge_m3s": 10.655775593780007,
          "rate_m3s_per_day": -0.19597031390529618
        },
        {
          "day": 3,
          "discharge_m3s": 10.470671227988518,
          "rate_m3s_per_day": -0.17375737942003133
        },
        {
          "day": 4,
          "discharge_m3s": 10.306548158130703,
          "rate_m3s_per_day": -0.15406224698658622
        },
        {
          "day": 5,
          "discharge_m3s": 10.161028186495383,
          "rate_m3s_per_day": -0.1365995276044074
        },
        {
          "day": 6,
          "discharge_m3s": 10.032002680434044,
          "rate_m3s_per_day": -0.12111618067839736
        },
        {
          "day": 7,
          "discharge_m3s": 9.91760201757448,
          "rate_m3s_per_day": -0.1073878473767782
        },
        {
          "day": 8,
          "discharge_m3s": 9.816168494372599,
          "rate_m3s_per_day": -0.0952155995972146
        },
        {
          "day": 9,
          "discharge_m3s": 9.72623230543831,
          "rate_m3s_per_day": -0.08442305743263856
        },
        {
          "day": 10,
          "discharge_m3s": 9.646490245567964,
          "rate_m3s_per_day": -0.07485383336790008
        },
        {
          "day": 11,
          "discharge_m3s": 9.575786825868779,
          "rate_m3s_per_day": -0.06636926617281103
        },
        {
          "day": 12,
          "discharge_m3s": 9.513097530341591,
          "rate_m3s_per_day": -0.05884641165493654
        },
        {
          "day": 13,
          "discharge_m3s": 9.457513970304246,
          "rate_m3s_per_day": -0.05217626115746987
        },
        {
          "day": 14,
          "discharge_m3s": 9.408230721538356,
          "rate_m3s_per_day": -0.04626216198764865
        },
        {
          "day": 15,
          "discharge_m3s": 9.364533653425248,
          "rate_m3s_per_day": -0.04101841688717922
        },
        {
          "day": 16,
          "discharge_m3s": 9.32578958095649,
          "rate_m3s_per_day": -0.03636904225054671
        },
        {
          "day": 17,
          "discharge_m3s": 9.291437089673115,
          "rate_m3s_per_day": -0.032246667097370674
        },
        {
          "day": 18,
          "discharge_m3s": 9.260978400583946,
          "rate_m3s_per_day": -0.028591556844558497
        },
        {
          "day": 19,
          "discharge_m3s": 9.233972157182913,
          "rate_m3s_per_day": -0.025350747732384438
        },
        {
          "day": 20,
          "discharge_m3s": 9.210027030046922,
          "rate_m3s_per_day": -0.022477279362047353
        },
        {
          "day": 21,
          "discharge_m3s": 9.188796046342723,
          "rate_m3s_per_day": -0.0199295142239182
        },
        {
          "day": 22,
          "discharge_m3s": 9.169971562075508,
          "rate_m3s_per_day": -0.017670534356217127
        },
        {
          "day": 23,
          "discharge_m3s": 9.153280804225394,
          "rate_m3s_per_day": -0.01566760639150533
        },
        {
          "day": 24,
          "discharge_m3s": 9.13848191817589,
          "rate_m3s_per_day": -0.013891707239332751
        },
        {
          "day": 25,
          "discharge_m3s": 9.125360463160305,
          "rate_m3s_per_day": -0.012317103532033746
        },
        {
          "day": 26,
          "discharge_m3s": 9.113726304943938,
          "rate_m3s_per_day": -0.01092097873969644
        },
        {
          "day": 27,
          "discharge_m3s": 9.10341086071594,
          "rate_m3s_per_day": -0.009683102551076184
        },
        {
          "day": 28,
          "discharge_m3s": 9.094264656268479,
          "rate_m3s_per_day": -0.008585537729676185
        },
        {
          "day": 29,
          "discharge_m3s": 9.08615516006591,
          "rate_m3s_per_day": -0.00761238019724364
        },
        {
          "day": 30,
          "discharge_m3s": 9.078964862818866,
          "rate_m3s_per_day": -0.006749528578400055
        },
        {
          "day": 31,
          "discharge_m3s": 9.072589574735694,
          "rate_m3s_per_day": -0.005984479867038539
        },
        {
          "day": 32,
          "discharge_m3s": 9.066936915777788,
          "rate_m3s_per_day": -0.00530614825361253
        },
        {
          "day": 33,
          "discharge_m3s": 9.061924977042231,
          "rate_m3s_per_day": -0.004704704488085909
        },
        {
          "day": 34,
          "discharge_m3s": 9.057481133874616,
          "rate_m3s_per_day": -0.004171433450836259
        },
        {
          "day": 35,
          "discharge_m3s": 9.053540993513705,
          "rate_m3s_per_day": -0.003698607867682613
        },
        {
          "day": 36,
          "discharge_m3s": 9.05004746201898,
          "rate_m3s_per_day": -0.003279376339119233
        },
        {
          "day": 37,
          "discharge_m3s": 9.046949916960509,
          "rate_m3s_per_day": -0.0029076640612657467
        },
        {
          "day": 38,
          "discharge_m3s": 9.044203473883142,
          "rate_m3s_per_day": -0.002578084799943481
        },
        {
          "day": 39,
          "discharge_m3s": 9.041768335915867,
          "rate_m3s_per_day": -0.002285862842355657
        },
        {
          "day": 40,
          "discharge_m3s": 9.039609217101956,
          "rate_m3s_per_day": -0.0020267637954247686
        },
        {
          "day": 41,
          "discharge_m3s": 9.037694831093765,
          "rate_m3s_per_day": -0.0017970332280357049
        },
        {
          "day": 42,
          "discharge_m3s": 9.035997437803152,
          "rate_m3s_per_day": -0.0015933422680798337
        },
        {
          "day": 43,
          "discharge_m3s": 9.034492441438426,
          "rate_m3s_per_day": -0.001412739365996618
        },
        {
          "day": 44,
          "discharge_m3s": 9.033158034103156,
          "rate_m3s_per_day": -0.0012526075258409985
        },
        {
          "day": 45,
          "discharge_m3s": 9.031974879792504,
          "rate_m3s_per_day": -0.001110626384142499
        },
        {
          "day": 46,
          "discharge_m3s": 9.030925167813066,
          "rate_m3s_per_day": -0.001
        },
        {
          "day": 47,
          "discharge_m3s": 9.029925167813076,
          "rate_m3s_per_day": -0.001
        },
        {
          "day": 48,
          "discharge_m3s": 9.028925167813085,
          "rate_m3s_per_day": -0.001
        },
        {
          "day": 49,
          "discharge_m3s": 9.027925167813095,
          "rate_m3s_per_day": -0.001
        },
        {
          "day": 50,
          "discharge_m3s": 9.026925167813104,
          "rate_m3s_per_day": -0.001
        },
        {
          "day": 51,
          "discharge_m3s": 9.025925167813114,
          "rate_m3s_per_day": -0.001
        },
        {
          "day": 52,
          "discharge_m3s": 9.024925167813123,
          "rate_m3s_per_day": -0.001
        },
        {
          "day": 53,
          "discharge_m3s": 9.023925167813132,
          "rate_m3s_per_day": -0.001
        },
        {
          "day": 54,
          "discharge_m3s": 9.022925167813142,
          "rate_m3s_per_day": -0.001
        },
        {
          "day": 55,
          "discharge_m3s": 9.021925167813151,
          "rate_m3s_per_day": -0.001
        },
        {
          "day": 56,
          "discharge_m3s": 9.02092516781316,
          "rate_m3s_per_day": -0.001
        },
        {
          "day": 57,
          "discharge_m3s": 9.01992516781317,
          "rate_m3s_per_day": -0.001
        },
        {
          "day": 58,
          "discharge_m3s": 9.01892516781318,
          "rate_m3s_per_day": -0.001
        },
        {
          "day": 59,
          "discharge_m3s": 9.017925167813189,
          "rate_m3s_per_day": -0.001
        },
        {
          "day": 60,
          "discharge_m3s": 9.016925167813199,
          "rate_m3s_per_day": -0.001
        },
        {
          "day": 61,
          "discharge_m3s": 9.015925167813208,
          "rate_m3s_per_day": -0.001
        },
        {
          "day": 62,
          "discharge_m3s": 9.014925167813217,
          "rate_m3s_per_day": -0.001
        },
        {
          "day": 63,
          "discharge_m3s": 9.013925167813227,
          "rate_m3s_per_day": -0.001
        },
        {
          "day": 64,
          "discharge_m3s": 9.012925167813236,
          "rate_m3s_per_day": -0.001
        },
        {
          "day": 65,
          "discharge_m3s": 9.011925167813246,
          "rate_m3s_per_day": -0.001
        },
        {
          "day": 66,
          "discharge_m3s": 9.010925167813255,
          "rate_m3s_per_day": -0.001
        },
        {
          "day": 67,
          "discharge_m3s": 9.009925167813265,
          "rate_m3s_per_day": -0.001
        },
        {
          "day": 68,
          "discharge_m3s": 9.008925167813274,
          "rate_m3s_per_day": -0.001
        },
        {
          "day": 69,
          "discharge_m3s": 9.007925167813283,
          "rate_m3s_per_day": -0.001
        },
        {
          "day": 70,
          "discharge_m3s": 9.006925167813293,
          "rate_m3s_per_day": -0.001
        },
        {
          "day": 71,
          "discharge_m3s": 9.005925167813302,
          "rate_m3s_per_day": -0.001
        },
        {
          "day": 72,
          "discharge_m3s": 9.004925167813312,
          "rate_m3s_per_day": -0.001
        },
        {
          "day": 73,
          "discharge_m3s": 9.003925167813321,
          "rate_m3s_per_day": -0.001
        },
        {
          "day": 74,
          "discharge_m3s": 9.00292516781333,
          "rate_m3s_per_day": -0.001
        },
        {
          "day": 75,
          "discharge_m3s": 9.00192516781334,
          "rate_m3s_per_day": -0.001
        },
        {
          "day": 76,
          "discharge_m3s": 9.00092516781335,
          "rate_m3s_per_day": -0.001
        },
        {
          "day": 77,
          "discharge_m3s": 8.999925167813359,
          "rate_m3s_per_day": -0.001
        },
        {
          "day": 78,
          "discharge_m3s": 8.998925167813368,
          "rate_m3s_per_day": -0.001
        },
        {
          "day": 79,
          "discharge_m3s": 8.997925167813378,
          "rate_m3s_per_day": -0.001
        },
        {
          "day": 80,
          "discharge_m3s": 8.996925167813387,
          "rate_m3s_per_day": -0.001
        },
        {
          "day": 81,
          "discharge_m3s": 8.995925167813397,
          "rate_m3s_per_day": -0.001
        },
        {
          "day": 82,
          "discharge_m3s": 8.994925167813406,
          "rate_m3s_per_day": -0.001
        },
        {
          "day": 83,
          "discharge_m3s": 8.993925167813416,
          "rate_m3s_per_day": -0.001
        },
        {
          "day": 84,
          "discharge_m3s": 8.992925167813425,
          "rate_m3s_per_day": -0.001
        },
        {
          "day": 85,
          "discharge_m3s": 8.991925167813434,
          "rate_m3s_per_day": -0.001
        },
        {
          "day": 86,
          "discharge_m3s": 8.990925167813444,
          "rate_m3s_per_day": -0.001
        },
        {
          "day": 87,
          "discharge_m3s": 8.989925167813453,
          "rate_m3s_per_day": -0.001
        },
        {
          "day": 88,
          "discharge_m3s": 8.988925167813463,
          "rate_m3s_per_day": -0.001
        },
        {
          "day": 89,
          "discharge_m3s": 8.987925167813472,
          "rate_m3s_per_day": -0.001
        },
        {
          "day": 90,
          "discharge_m3s": 8.986925167813482,
          "rate_m3s_per_day": -0.001
        },
        {
          "day": 91,
          "discharge_m3s": 8.985925167813491,
          "rate_m3s_per_day": -0.001
        },
        {
          "day": 92,
          "discharge_m3s": 8.9849251678135,
          "rate_m3s_per_day": -0.001
        },
        {
          "day": 93,
          "discharge_m3s": 8.98392516781351,
          "rate_m3s_per_day": -0.001
        },
        {
          "day": 94,
          "discharge_m3s": 8.98292516781352,
          "rate_m3s_per_day": -0.001
        },
        {
          "day": 95,
          "discharge_m3s": 8.981925167813529,
          "rate_m3s_per_day": -0.001
        },
        {
          "day": 96,
          "discharge_m3s": 8.980925167813538,
          "rate_m3s_per_day": -0.001
        },
        {
          "day": 97,
          "discharge_m3s": 8.979925167813548,
          "rate_m3s_per_day": -0.001
        },
        {
          "day": 98,
          "discharge_m3s": 8.978925167813557,
          "rate_m3s_per_day": -0.001
        },
        {
          "day": 99,
          "discharge_m3s": 8.977925167813567,
          "rate_m3s_per_day": -0.001
        },
        {
          "day": 100,
          "discharge_m3s": 8.976925167813576,
          "rate_m3s_per_day": -0.001
        },
        {
          "day": 101,
          "discharge_m3s": 8.975925167813585,
          "rate_m3s_per_day": -0.001
        },
        {
          "day": 102,
          "discharge_m3s": 8.974925167813595,
          "rate_m3s_per_day": -0.001
        },
        {
          "day": 103,
          "discharge_m3s": 8.973925167813604,
          "rate_m3s_per_day": -0.001
        },
        {
          "day": 104,
          "discharge_m3s": 8.972925167813614,
          "rate_m3s_per_day": -0.001
        },
        {
          "day": 105,
          "discharge_m3s": 8.971925167813623,
          "rate_m3s_per_day": -0.001
        },
        {
          "day": 106,
          "discharge_m3s": 8.970925167813633,
          "rate_m3s_per_day": -0.001
        },
        {
          "day": 107,
          "discharge_m3s": 8.969925167813642,
          "rate_m3s_per_day": -0.001
        },
        {
          "day": 108,
          "discharge_m3s": 8.968925167813651,
          "rate_m3s_per_day": -0.001
        },
        {
          "day": 109,
          "discharge_m3s": 8.967925167813661,
          "rate_m3s_per_day": -0.001
        },
        {
          "day": 110,
          "discharge_m3s": 8.96692516781367,
          "rate_m3s_per_day": -0.001
        },
        {
          "day": 111,
          "discharge_m3s": 8.96592516781368,
          "rate_m3s_per_day": -0.001
        },
        {
          "day": 112,
          "discharge_m3s": 8.96492516781369,
          "rate_m3s_per_day": -0.001
        },
        {
          "day": 113,
          "discharge_m3s": 8.963925167813699,
          "rate_m3s_per_day": -0.001
        },
        {
          "day": 114,
          "discharge_m3s": 8.962925167813708,
          "rate_m3s_per_day": -0.001
        },
        {
          "day": 115,
          "discharge_m3s": 8.961925167813718,
          "rate_m3s_per_day": -0.001
        },
        {
          "day": 116,
          "discharge_m3s": 8.960925167813727,
          "rate_m3s_per_day": -0.001
        },
        {
          "day": 117,
          "discharge_m3s": 8.959925167813736,
          "rate_m3s_per_day": -0.001
        },
        {
          "day": 118,
          "discharge_m3s": 8.958925167813746,
          "rate_m3s_per_day": -0.001
        },
        {
          "day": 119,
          "discharge_m3s": 8.957925167813755,
          "rate_m3s_per_day": -0.001
        },
        {
          "day": 120,
          "discharge_m3s": 8.956925167813765,
          "rate_m3s_per_day": -0.001
        }
      ]
    },
    "official_stage_based_rain_free_days": 7.625,
    "candidate_minus_official_days": null,
    "target_outside_candidate_fit_range": true
  },
  "promotion_recommended": false
}
{
  "generated_utc": "2026-07-31T15:32:25.748930+00:00",
  "latest_stage_utc": "2026-07-31T15:05:00+00:00",
  "observation_freshness": {
    "age_hours": 0.4571524805555556,
    "maximum_allowed_age_hours": 6.0,
    "status": "current"
  },
  "project_location": {
    "river_station": 18883,
    "description": "Trail and pedestrian bridge project section near Starkey",
    "downstream_bridge_sections": [
      18192,
      18178
    ],
    "note": "RS 18883 is the project section; bridge sections near RS 18192/18178 are not used as the project WSE location."
  },
  "hydrograph_limb": "falling",
  "current_conditions": {
    "stage_05EA002_m": 2.1,
    "stage_change_24h_m": -0.028999999999999915,
    "observed_discharge_05EA002_m3s": 11.1,
    "estimated_starkey_wse_m": 650.4245752186447,
    "estimated_project_wse_m": 650.4245752186447,
    "estimated_starkey_wse_range_m": [
      650.2745752186447,
      650.5745752186447
    ],
    "estimated_depth_over_main_floodplain_m": 0.22457521864464525,
    "estimated_depth_over_low_pocket_m": 0.824575218644668
  },
  "authoritative_operational_threshold": {
    "main_floodplain_elevation_m": 650.2,
    "calibrated_05EA002_discharge_m3s": 6.77,
    "equivalent_05EA002_stage_on_current_limb_m": 1.7452601101105085,
    "basis": "Elevation 650.20 m is the physical project work-area threshold. The corresponding 6.77 m3/s operational anchor was reconstructed from a later 2026 rising-limb condition near 1.70 m at 05EA002, not from a concurrent surveyed project WSE. The original project condition had been understood near 1.50 m. Current-limb stage is recalculated from discharge; neither raw stage is universal."
  },
  "forecast_main_floodplain_exposure": {
    "dry": {
      "days_to_main_floodplain_exposure": 8.916924812756209,
      "date_utc": "2026-08-09"
    },
    "central": {
      "days_to_main_floodplain_exposure": 11.041793340453822,
      "date_utc": "2026-08-11"
    },
    "wet": {
      "days_to_main_floodplain_exposure": 13.999982288807878,
      "date_utc": "2026-08-14"
    }
  },
  "probabilistic_exposure": {
    "status": "operational_project_threshold_ensemble",
    "member_count": 21,
    "quantiles": {
      "p10": {
        "quantile": 0.1,
        "days": 9.906978817909208,
        "date_utc": "2026-08-10"
      },
      "p25": {
        "quantile": 0.25,
        "days": 9.908773240519613,
        "date_utc": "2026-08-10"
      },
      "p50": {
        "quantile": 0.5,
        "days": 12.163440316577926,
        "date_utc": "2026-08-12"
      },
      "p75": {
        "quantile": 0.75,
        "days": 12.16996638574972,
        "date_utc": "2026-08-12"
      },
      "p90": {
        "quantile": 0.9,
        "days": 12.172469231906497,
        "date_utc": "2026-08-12"
      }
    },
    "earliest": {
      "days": 9.905906484084657,
      "date_utc": "2026-08-10"
    },
    "latest": {
      "days": 12.176187427354463,
      "date_utc": "2026-08-12"
    },
    "mean_days": 11.521363277696008,
    "standard_deviation_days": 1.0209882607256437,
    "probability_exposed_by_date": [
      {
        "days_from_run": 9,
        "date_utc": "2026-08-09",
        "probability_exposed_by_date_pct": 0.0
      },
      {
        "days_from_run": 10,
        "date_utc": "2026-08-10",
        "probability_exposed_by_date_pct": 28.57142857142857
      },
      {
        "days_from_run": 11,
        "date_utc": "2026-08-11",
        "probability_exposed_by_date_pct": 28.57142857142857
      },
      {
        "days_from_run": 12,
        "date_utc": "2026-08-12",
        "probability_exposed_by_date_pct": 28.57142857142857
      },
      {
        "days_from_run": 13,
        "date_utc": "2026-08-13",
        "probability_exposed_by_date_pct": 100.0
      },
      {
        "days_from_run": 14,
        "date_utc": "2026-08-14",
        "probability_exposed_by_date_pct": 100.0
      },
      {
        "days_from_run": 15,
        "date_utc": "2026-08-15",
        "probability_exposed_by_date_pct": 100.0
      },
      {
        "days_from_run": 16,
        "date_utc": "2026-08-16",
        "probability_exposed_by_date_pct": 100.0
      }
    ],
    "interpretation": "These are raw all-member GEPS meteorological probabilities translated to the RS18883 threshold. Rainfall-response, rating and project-transfer uncertainty are additional and are not hidden inside the percentages."
  },
  "risk_adjusted_planning": {
    "status": "operational_sensitivity_not_calibrated_probability",
    "planning_summary": {
      "optimistic_p10": {
        "days": 3.1967682206559536,
        "date_utc": "2026-08-03"
      },
      "central_p50": {
        "days": 12.163440316577926,
        "date_utc": "2026-08-12"
      },
      "precipitation_screened_direct_q_p50": {
        "days": 13.496773649911262,
        "date_utc": "2026-08-14"
      },
      "precipitation_screened_direct_q_upper_p90": {
        "days": 18.359794655967733,
        "date_utc": "2026-08-19"
      },
      "unscreened_direct_q_p50": {
        "days": 14.330106983244594,
        "date_utc": "2026-08-14"
      },
      "unscreened_direct_q_upper_p90": {
        "days": 19.193127989301065,
        "date_utc": "2026-08-19"
      },
      "transfer_conservative_p90": {
        "days": 20.568127989301065,
        "date_utc": "2026-08-21"
      },
      "protected_schedule_p90": {
        "days": 20.568127989301065,
        "date_utc": "2026-08-21"
      },
      "protected_schedule_source": "transfer_and_response_sensitivity",
      "screened_direct_q_difference_from_live_central_days": 1.3333333333333357,
      "recommended_use": "Keep the nominal all-member p50 as the official working inspection forecast. Use the precipitation-screened direct-Q p50 as the preferred independent timing check, retain the unscreened direct-Q result as a conservative diagnostic, and protect the schedule with the latest upper-response/transfer p90. None of these sensitivities is a formal confidence limit."
    },
    "scenarios": {
      "optimistic_sensitivity": {
        "target_wse_m": 650.35,
        "target_discharge_m3s": 9.419235465419442,
        "equivalent_05EA002_stage_m": 1.9636387003418316,
        "rain_free_days": 2.9166666666666665,
        "short_range_delay_days": 0.14573885819496168,
        "response_mode": "low",
        "distribution": {
          "member_count": 21,
          "mean": {
            "days": 3.198397430021403,
            "date_utc": "2026-08-03"
          },
          "earliest": {
            "days": 3.1964669191995276,
            "date_utc": "2026-08-03"
          },
          "latest": {
            "days": 3.2008949497725974,
            "date_utc": "2026-08-03"
          },
          "standard_deviation_days": 0.0012630654916686833,
          "quantiles": {
            "p10": {
              "days": 3.1967682206559536,
              "date_utc": "2026-08-03"
            },
            "p25": {
              "days": 3.1975796611464196,
              "date_utc": "2026-08-03"
            },
            "p50": {
              "days": 3.198265549214182,
              "date_utc": "2026-08-03"
            },
            "p75": {
              "days": 3.199104964887785,
              "date_utc": "2026-08-03"
            },
            "p90": {
              "days": 3.2004399071862797,
              "date_utc": "2026-08-03"
            }
          }
        },
        "interpretation": "Higher allowable modelled WSE plus lower analogue-response delays. Sensitivity only."
      },
      "central": {
        "target_wse_m": 650.2,
        "target_discharge_m3s": 6.7700000000000005,
        "equivalent_05EA002_stage_m": 1.7452601101105087,
        "rain_free_days": 7.625,
        "short_range_delay_days": 1.1457388581949617,
        "response_mode": "central",
        "distribution": {
          "member_count": 21,
          "mean": {
            "days": 11.521363277696008,
            "date_utc": "2026-08-12"
          },
          "earliest": {
            "days": 9.905906484084657,
            "date_utc": "2026-08-10"
          },
          "latest": {
            "days": 12.176187427354463,
            "date_utc": "2026-08-12"
          },
          "standard_deviation_days": 1.0209882607256437,
          "quantiles": {
            "p10": {
              "days": 9.906978817909208,
              "date_utc": "2026-08-10"
            },
            "p25": {
              "days": 9.908773240519613,
              "date_utc": "2026-08-10"
            },
            "p50": {
              "days": 12.163440316577926,
              "date_utc": "2026-08-12"
            },
            "p75": {
              "days": 12.16996638574972,
              "date_utc": "2026-08-12"
            },
            "p90": {
              "days": 12.172469231906497,
              "date_utc": "2026-08-12"
            }
          }
        },
        "interpretation": "Nominal 650.20 m threshold and central analogue-response delays."
      },
      "conservative_sensitivity": {
        "target_wse_m": 650.0500000000001,
        "target_discharge_m3s": 4.865883241613924,
        "equivalent_05EA002_stage_m": 1.5883022485840879,
        "rain_free_days": 11.166666666666666,
        "short_range_delay_days": 2.9997309489228625,
        "response_mode": "high",
        "distribution": {
          "member_count": 21,
          "mean": {
            "days": 19.954392578203112,
            "date_utc": "2026-08-20"
          },
          "earliest": {
            "days": 18.43134915923821,
            "date_utc": "2026-08-19"
          },
          "latest": {
            "days": 20.571846184749035,
            "date_utc": "2026-08-21"
          },
          "standard_deviation_days": 0.961900937996223,
          "quantiles": {
            "p10": {
              "days": 18.433409266703197,
              "date_utc": "2026-08-19"
            },
            "p25": {
              "days": 18.435552629918014,
              "date_utc": "2026-08-19"
            },
            "p50": {
              "days": 20.559099073972494,
              "date_utc": "2026-08-21"
            },
            "p75": {
              "days": 20.56562514314429,
              "date_utc": "2026-08-21"
            },
            "p90": {
              "days": 20.568127989301065,
              "date_utc": "2026-08-21"
            }
          }
        },
        "interpretation": "Requires modelled WSE 0.15 m below nominal and applies upper response delays. Sensitivity only."
      }
    },
    "historical_direct_discharge_sensitivities": {
      "gauge_only_18_month": {
        "status": "historical_direct_discharge_sensitivity_available",
        "rain_free_days_to_6_77_m3s": 9.791666666666666,
        "central_response_distribution": {
          "member_count": 21,
          "mean": {
            "days": 14.011114773189496,
            "date_utc": "2026-08-14"
          },
          "earliest": {
            "days": 13.202357068510308,
            "date_utc": "2026-08-13"
          },
          "latest": {
            "days": 14.342854094021131,
            "date_utc": "2026-08-14"
          },
          "standard_deviation_days": 0.5101562236750703,
          "quantiles": {
            "p10": {
              "days": 13.204417175975296,
              "date_utc": "2026-08-13"
            },
            "p25": {
              "days": 13.206560539190113,
              "date_utc": "2026-08-13"
            },
            "p50": {
              "days": 14.330106983244594,
              "date_utc": "2026-08-14"
            },
            "p75": {
              "days": 14.336633052416387,
              "date_utc": "2026-08-14"
            },
            "p90": {
              "days": 14.339135898573163,
              "date_utc": "2026-08-14"
            }
          }
        },
        "upper_response_distribution": {
          "member_count": 21,
          "mean": {
            "days": 18.579392578203112,
            "date_utc": "2026-08-19"
          },
          "earliest": {
            "days": 17.05634915923821,
            "date_utc": "2026-08-17"
          },
          "latest": {
            "days": 19.196846184749035,
            "date_utc": "2026-08-19"
          },
          "standard_deviation_days": 0.961900937996223,
          "quantiles": {
            "p10": {
              "days": 17.058409266703197,
              "date_utc": "2026-08-17"
            },
            "p25": {
              "days": 17.060552629918014,
              "date_utc": "2026-08-17"
            },
            "p50": {
              "days": 19.184099073972494,
              "date_utc": "2026-08-19"
            },
            "p75": {
              "days": 19.19062514314429,
              "date_utc": "2026-08-19"
            },
            "p90": {
              "days": 19.193127989301065,
              "date_utc": "2026-08-19"
            }
          }
        },
        "eligible_for_protected_schedule": true,
        "eligible_for_live_central_replacement": false,
        "source": "historical_gauge_analysis",
        "screening": "gauge decline only; not precipitation screened",
        "support": {
          "status": "historical_gauge_candidate_ready_for_rdpa_pairing",
          "generated_utc": "2026-07-30T15:31:56+00:00",
          "points": 1594,
          "fit": {
            "n": 1473,
            "intercept_per_day": -0.11704619532651687,
            "coefficient_per_day": -0.039998200420028114,
            "value_range": [
              0.06,
              25.6
            ],
            "rate_rmse_per_day": 0.1927598409139369
          },
          "year_holdout": {
            "n": 825,
            "rmse_per_day": 0.46370991228891206,
            "mae_per_day": 0.35293671957912137,
            "bias_per_day": -0.2736372701983771
          },
          "target_stage_support": {
            "n": 37,
            "tolerance_m3s": 0.5,
            "discharge_range_m3s": [
              6.275,
              7.26
            ],
            "stage_min_m": 1.3975,
            "stage_p10_m": 1.4068,
            "stage_p25_m": 1.416,
            "stage_median_m": 1.4425,
            "stage_p75_m": 1.458,
            "stage_p90_m": 1.4678,
            "stage_max_m": 1.477,
            "stage_standard_deviation_m": 0.02331000782009054,
            "first_utc": "2026-05-07T14:00:00+00:00",
            "last_utc": "2026-05-09T03:00:00+00:00"
          }
        },
        "interpretation": "Conservative unscreened historical direct-Q check retained for schedule protection, not central forecasting."
      },
      "rdpa_screened_preferred": {
        "status": "historical_direct_discharge_sensitivity_available",
        "rain_free_days_to_6_77_m3s": 8.958333333333334,
        "central_response_distribution": {
          "member_count": 21,
          "mean": {
            "days": 13.177781439856165,
            "date_utc": "2026-08-13"
          },
          "earliest": {
            "days": 12.369023735176976,
            "date_utc": "2026-08-13"
          },
          "latest": {
            "days": 13.5095207606878,
            "date_utc": "2026-08-14"
          },
          "standard_deviation_days": 0.5101562236750703,
          "quantiles": {
            "p10": {
              "days": 12.371083842641964,
              "date_utc": "2026-08-13"
            },
            "p25": {
              "days": 12.37322720585678,
              "date_utc": "2026-08-13"
            },
            "p50": {
              "days": 13.496773649911262,
              "date_utc": "2026-08-14"
            },
            "p75": {
              "days": 13.503299719083055,
              "date_utc": "2026-08-14"
            },
            "p90": {
              "days": 13.505802565239831,
              "date_utc": "2026-08-14"
            }
          }
        },
        "upper_response_distribution": {
          "member_count": 21,
          "mean": {
            "days": 17.74605924486978,
            "date_utc": "2026-08-18"
          },
          "earliest": {
            "days": 16.223015825904874,
            "date_utc": "2026-08-16"
          },
          "latest": {
            "days": 18.3635128514157,
            "date_utc": "2026-08-19"
          },
          "standard_deviation_days": 0.961900937996223,
          "quantiles": {
            "p10": {
              "days": 16.225075933369865,
              "date_utc": "2026-08-16"
            },
            "p25": {
              "days": 16.227219296584682,
              "date_utc": "2026-08-16"
            },
            "p50": {
              "days": 18.35076574063916,
              "date_utc": "2026-08-18"
            },
            "p75": {
              "days": 18.357291809810956,
              "date_utc": "2026-08-19"
            },
            "p90": {
              "days": 18.359794655967733,
              "date_utc": "2026-08-19"
            }
          }
        },
        "eligible_for_protected_schedule": true,
        "eligible_for_live_central_replacement": false,
        "source": "rdpa_moderate",
        "screening": "24 h, 72 h and 168 h basin-clipped RDPA dry-period screen",
        "support": {
          "pairing_status": "historical_rdpa_pairing_complete",
          "pairing_generated_utc": "2026-07-30T15:32:32+00:00",
          "rdpa_coverage_fraction": 0.9991142604074402,
          "points": 827,
          "events": 8,
          "fit": {
            "n": 762,
            "intercept_per_day": -0.1308619100186823,
            "coefficient_per_day": -0.043169313522551926,
            "value_range": [
              0.076,
              25.1
            ],
            "rate_rmse_per_day": 0.1974247433692534
          },
          "event_block_cross_validation": {
            "available": true,
            "folds": [
              {
                "n": 30,
                "rmse_per_day": 0.0813579597722957,
                "mae_per_day": 0.07133271481034291,
                "bias_per_day": -0.07108552619676348,
                "held_out_event": 10,
                "train_points": 549,
                "test_first_utc": "2025-06-03T03:00:00+00:00",
                "test_last_utc": "2025-06-04T12:00:00+00:00"
              },
              {
                "n": 29,
                "rmse_per_day": 0.12305746333794412,
                "mae_per_day": 0.12247695918677245,
                "bias_per_day": -0.12247695918677245,
                "held_out_event": 11,
                "train_points": 550,
                "test_first_utc": "2025-07-03T12:00:00+00:00",
                "test_last_utc": "2025-07-04T17:00:00+00:00"
              },
              {
                "n": 47,
                "rmse_per_day": 0.1425371063341521,
                "mae_per_day": 0.14220751592838987,
                "bias_per_day": -0.14220751592838987,
                "held_out_event": 14,
                "train_points": 532,
                "test_first_utc": "2025-07-14T18:00:00+00:00",
                "test_last_utc": "2025-07-16T18:00:00+00:00"
              },
              {
                "n": 34,
                "rmse_per_day": 0.14491816965442084,
                "mae_per_day": 0.14442489184624763,
                "bias_per_day": -0.14442489184624763,
                "held_out_event": 27,
                "train_points": 545,
                "test_first_utc": "2025-10-29T12:00:00+00:00",
                "test_last_utc": "2025-10-31T09:00:00+00:00"
              },
              {
                "n": 314,
                "rmse_per_day": 0.26592106535892546,
                "mae_per_day": 0.21348576097587557,
                "bias_per_day": 0.06548044571515038,
                "held_out_event": 29,
                "train_points": 265,
                "test_first_utc": "2026-04-28T00:00:00+00:00",
                "test_last_utc": "2026-05-11T11:00:00+00:00"
              },
              {
                "n": 34,
                "rmse_per_day": 0.2277349126027351,
                "mae_per_day": 0.18460869603852909,
                "bias_per_day": 0.08470649201252363,
                "held_out_event": 30,
                "train_points": 545,
                "test_first_utc": "2026-05-12T20:00:00+00:00",
                "test_last_utc": "2026-05-14T05:00:00+00:00"
              },
              {
                "n": 31,
                "rmse_per_day": 0.10086262830141919,
                "mae_per_day": 0.08997176736272205,
                "bias_per_day": -0.024162316861185387,
                "held_out_event": 36,
                "train_points": 548,
                "test_first_utc": "2026-05-28T05:00:00+00:00",
                "test_last_utc": "2026-05-29T20:00:00+00:00"
              },
              {
                "n": 60,
                "rmse_per_day": 0.3981429755449632,
                "mae_per_day": 0.2778201910608142,
                "bias_per_day": 0.09740920830712141,
                "held_out_event": 37,
                "train_points": 519,
                "test_first_utc": "2026-07-07T06:00:00+00:00",
                "test_last_utc": "2026-07-09T17:00:00+00:00"
              }
            ],
            "aggregate": {
              "n": 579,
              "rmse_per_day": 0.24969981446116865,
              "mae_per_day": 0.19007871104622034,
              "bias_per_day": 0.019443530544019885
            }
          },
          "event_block_rmse_per_day": 0.24969981446116865,
          "skill_improvement_vs_gauge_only_pct": 1.8715339090006198,
          "selection_status": "screened_candidate_ready_for_operational_sensitivity",
          "promotion_recommendation": {
            "promote_now": false,
            "reasons_not_to_promote": [
              "event_block_skill_gain_is_less_than_5_percent",
              "fewer_than_10_independent_dry_event_blocks",
              "10_km_rdpa_screen_may_miss_sub_grid_convective_rain",
              "wsc_discharge_is_provisional_and_rating_derived",
              "manual_engineering_review_is_required"
            ],
            "next_evidence_needed": [
              "additional independent summer falling-limb recession blocks",
              "surveyed RS18883 WSE observations near 650.20 m",
              "material out-of-sample skill improvement over the live recession model"
            ]
          }
        },
        "interpretation": "Preferred precipitation-screened direct-Q sensitivity. It is more defensible than the unscreened fit but remains shadow-only because the skill gain and independent event count are limited."
      }
    },
    "uncertainty_components": {
      "meteorological": "Full validated GEPS member spread through 16 days.",
      "short_range_hydrologic": {
        "low_days": 0.14573885819496168,
        "central_days": 1.1457388581949617,
        "high_days": 2.9997309489228625
      },
      "later_hydrologic": "Later rainfall windows use central days lost minus/plus analogue RMSE.",
      "project_transfer": {
        "nominal_wse_m": 650.2,
        "sensitivity_m": 0.15
      },
      "current_rating": "The short-window rating is retained for the official central scenario but is explicitly challenged by independent direct-discharge sensitivities.",
      "historical_direct_discharge": {
        "historical_gauge_status": "historical_gauge_candidate_ready_for_rdpa_pairing",
        "rdpa_pairing_status": "historical_rdpa_pairing_complete",
        "rdpa_coverage_fraction": 0.9991142604074402,
        "strict_dry_points": 576,
        "moderate_dry_points": 827,
        "model_selection_status": "screened_candidate_ready_for_operational_sensitivity",
        "preferred_screened_source": "rdpa_moderate",
        "automatic_operational_promotion": false,
        "interpretation": "Historical direct-discharge fits are independent checks on the extrapolated current-limb target stage. The precipitation-screened candidate is preferred for interpretation, while the unscreened fit remains a conservative schedule sensitivity."
      }
    },
    "interpretation": "The live project-transfer forecast remains official. The precipitation-screened direct-Q forecast is the preferred independent timing check; the gauge-only direct-Q forecast is retained as an unscreened conservative diagnostic. The protected schedule uses the latest applicable upper sensitivity."
  },
  "model_health": {
    "status": "diagnostic_only_no_automatic_recalibration",
    "overall": {
      "score_version": 3,
      "score_out_of_100": 58.0,
      "tier": "low_to_moderate",
      "components": {
        "uncensored_peak_events": 14.0,
        "complete_recoveries": 0.0,
        "storm_type_diversity": 8.0,
        "forecast_feature_coverage": 2.0,
        "current_rating_support": 2.0,
        "meteorological_ensemble": 8.0,
        "project_transfer_support": 8.0,
        "historical_recession_validation": 8.0,
        "operational_integrity_controls": 8.0
      },
      "warning": "This is a transparent engineering evidence diagnostic, not a probability. Version 3 no longer awards full feature-coverage points when a complete HRDPS forecast is dry or when feature inputs are missing. A dry forecast can reduce near-term timing risk without increasing calibration evidence."
    },
    "calibration_sample": {
      "all_event_constraints": 9,
      "uncensored_peak_training_events": 2,
      "complete_recovery_events": 0,
      "storm_type_counts": {
        "widespread_basin": 4,
        "lower_basin_concentrated": 2,
        "upper_lake_chain_concentrated": 2,
        "mixed_or_weak": 1
      },
      "cross_validation_available": false
    },
    "forecast_feature_coverage": {
      "status": "material_extrapolation",
      "short_range_input_status": "material_short_range_qpf_feature_vector_available",
      "available_feature_count": 7,
      "required_feature_count": 7,
      "outside_feature_count": 5,
      "materially_outside_feature_count": 2,
      "nearest_analogue_distance": 3.9361785880541027,
      "storm_type": "widespread_basin",
      "horizon_h": 48,
      "run_time_utc": "2026-07-31T06:00:00+00:00",
      "basin_mm": 16.27137832891256,
      "features": [
        {
          "feature": "basin_mm",
          "current": 16.27137832891256,
          "training_min": 1.952859654092426,
          "training_max": 26.846894577404903,
          "training_mean": 14.399877115748664,
          "training_standard_deviation": 12.447017461656237,
          "z_score": 0.15035740240014656,
          "normalized_distance_outside_range": 0.0,
          "status": "inside_training_range"
        },
        {
          "feature": "lower_ratio",
          "current": 1.1856194573229624,
          "training_min": 0.6433245128726464,
          "training_max": 1.1049891548057453,
          "training_mean": 0.8741568338391958,
          "training_standard_deviation": 0.2308323209665495,
          "z_score": 1.3493024814705277,
          "normalized_distance_outside_range": 0.1746512407352638,
          "status": "outside_training_range"
        },
        {
          "feature": "upper_ratio",
          "current": 0.2466906350671729,
          "training_min": 0.8684102567270844,
          "training_max": 1.0110260499381822,
          "training_mean": 0.9397181533326333,
          "training_standard_deviation": 0.07130789660554893,
          "z_score": -9.718804666179587,
          "normalized_distance_outside_range": 4.359402333089793,
          "status": "material_extrapolation"
        },
        {
          "feature": "duration_h",
          "current": 6.0,
          "training_min": 12.0,
          "training_max": 48.0,
          "training_mean": 30.0,
          "training_standard_deviation": 18.0,
          "z_score": -1.3333333333333333,
          "normalized_distance_outside_range": 0.16666666666666666,
          "status": "outside_training_range"
        },
        {
          "feature": "antecedent_168h_mm",
          "current": 27.564462308137138,
          "training_min": 5.438034463943035,
          "training_max": 21.91926277396547,
          "training_mean": 13.678648618954252,
          "training_standard_deviation": 8.240614155011219,
          "z_score": 1.6850459720576472,
          "normalized_distance_outside_range": 0.3425229860288236,
          "status": "outside_training_range"
        },
        {
          "feature": "basin_pct_gt_10mm",
          "current": 71.1864406779661,
          "training_min": 0.0,
          "training_max": 100.0,
          "training_mean": 50.0,
          "training_standard_deviation": 50.0,
          "z_score": 0.42372881355932207,
          "normalized_distance_outside_range": 0.0,
          "status": "inside_training_range"
        },
        {
          "feature": "pre_stage_m",
          "current": 2.104,
          "training_min": 2.723,
          "training_max": 3.01,
          "training_mean": 2.8665,
          "training_standard_deviation": 0.14349999999999996,
          "z_score": -5.313588850174216,
          "normalized_distance_outside_range": 2.156794425087108,
          "status": "material_extrapolation"
        }
      ],
      "interpretation": "A complete HRDPS 48-hour rainfall scenario requires the calibrated rainfall-response model, so feature-envelope support is assessed."
    },
    "hydrologic_memory_and_storage_proxies": {
      "status": "low_residual_storage_signal",
      "interpretation": "This is a gauge-trend proxy for water still stored in upstream lakes, wetlands, tributaries and floodplain. It is diagnostic only and is not yet an explicit routed storage state.",
      "target_change_24h_m": -0.028999999999999915,
      "antecedent_rain_mm": {
        "24h": 0.0035587474897520004,
        "72h": 5.206307743054901,
        "168h": 27.529594964133743
      },
      "elevated_signal_count": 0,
      "signals": [
        {
          "name": "upper_lake_chain_05EA012",
          "station": "05EA012",
          "change_24h_m": -0.11800000000000033,
          "change_72h_m": -0.09800000000000075,
          "rising_24h": false,
          "higher_than_72h_ago": false
        },
        {
          "name": "atim_big_lake_05EA011",
          "station": "05EA011",
          "change_24h_m": -0.041999999999999815,
          "change_72h_m": -0.120000000000001,
          "rising_24h": false,
          "higher_than_72h_ago": false
        },
        {
          "name": "middle_basin_05EA005",
          "station": "05EA005",
          "change_24h_m": -0.05600000000000005,
          "change_72h_m": -0.15900000000000003,
          "rising_24h": false,
          "higher_than_72h_ago": false
        },
        {
          "name": "lower_tributary_05EA010",
          "station": "05EA010",
          "change_24h_m": -0.05700000000000005,
          "change_72h_m": -0.08200000000000007,
          "rising_24h": false,
          "higher_than_72h_ago": false
        }
      ]
    },
    "current_limb_rating_support": {
      "status": "material_target_extrapolation",
      "fit_r2": 0.9926904284189111,
      "fit_rmse_m3s": 0.02792220629260035,
      "fit_hourly_points": 93,
      "observed_stage_range_m": [
        2.099,
        2.1975
      ],
      "target_stage_m": 1.7452601101105085,
      "extrapolation_distance_m": 0.3537398898894917,
      "extrapolation_as_observed_span": 3.591267917659829,
      "warning": "Reported WSC discharge is itself rating-derived; a tight stage-discharge fit is an operational mapping, not independent proof that the provisional discharge rating is physically correct."
    },
    "project_wse_transfer_support": {
      "status": "approximate_low_flow_anchor_plus_complete_design_profile",
      "score_out_of_10": 8.0,
      "current_discharge_m3s": 11.1,
      "target_discharge_m3s": 6.77,
      "constraint_discharges_m3s": [
        6.77,
        14.0,
        27.0,
        39.0,
        52.0,
        64.0,
        72.0,
        82.0,
        90.0,
        110.0,
        130.0,
        140.0,
        155.0,
        166.0
      ],
      "design_profile_point_count": 13,
      "first_design_discharge_m3s": 14.0,
      "low_flow_anchor_to_first_design_gap_m3s": 7.23,
      "working_wse_uncertainty_m": 0.15,
      "largest_constraint_gap_m3s": 20.0,
      "interpretation": "The high-flow RS18883 transfer is constrained by the complete 2- to 1,000-year design profile. Remaining transfer uncertainty is concentrated in the reconstructed 6.77 m3/s low-flow anchor and the segment to 14 m3/s."
    },
    "historical_recession_validation": {
      "status": "screened_event_block_validation_available",
      "score_out_of_9": 8.0,
      "preferred_model": "rdpa_moderate",
      "rdpa_coverage_fraction": 0.9991142604074402,
      "screened_points": 827,
      "independent_event_blocks": 8,
      "rain_free_days_to_6_77_m3s": 8.958333333333334,
      "event_block_rmse_per_day": 0.24969981446116865,
      "event_block_mae_per_day": 0.19007871104622034,
      "skill_improvement_vs_gauge_only_pct": 1.8715339090006198,
      "operational_use": {
        "replace_live_central_forecast": false,
        "include_as_independent_schedule_sensitivity": true,
        "reason": "The selected RDPA-screened direct-discharge model is a more defensible independent sensitivity than the unscreened gauge-only fit, but its skill gain and event diversity are not sufficient for automatic operational promotion."
      },
      "promotion_recommendation": {
        "promote_now": false,
        "reasons_not_to_promote": [
          "event_block_skill_gain_is_less_than_5_percent",
          "fewer_than_10_independent_dry_event_blocks",
          "10_km_rdpa_screen_may_miss_sub_grid_convective_rain",
          "wsc_discharge_is_provisional_and_rating_derived",
          "manual_engineering_review_is_required"
        ],
        "next_evidence_needed": [
          "additional independent summer falling-limb recession blocks",
          "surveyed RS18883 WSE observations near 650.20 m",
          "material out-of-sample skill improvement over the live recession model"
        ]
      },
      "interpretation": "This is independent precipitation-screened validation of direct-discharge recession timing. It remains shadow-only because skill gain and event diversity are not sufficient for promotion."
    },
    "controlled_assimilation": {
      "automatic_promotion_enabled": false,
      "candidate_requirements": [
        "complete and quality-controlled observed precipitation coverage",
        "clearly observed river-response peak",
        "no later storm censoring the response window",
        "preferably a complete recovery",
        "candidate model does not worsen leave-one-event-out or hindcast performance",
        "previous calibration retained for rollback"
      ],
      "current_reason_not_automatic": "Only two uncensored peaks and zero complete recoveries are presently available."
    },
    "priority_actions": [
      {
        "priority": 1,
        "action": "Survey at least one concurrent RS18883 water level near 650.20 m tied to CGVD28.",
        "reason": "The complete design profile improves transfer above 14 m3/s, but the operational low-flow anchor remains reconstructed."
      },
      {
        "priority": 2,
        "action": "Obtain at least one complete post-storm recovery without intervening rainfall.",
        "reason": "Zero complete recoveries leave live rainfall-delay estimates weakly constrained."
      },
      {
        "priority": 3,
        "action": "Accumulate additional independent summer falling-limb dry recession blocks.",
        "reason": "The screened direct-Q model has only eight independent blocks and 1.87 percent skill gain."
      },
      {
        "priority": 4,
        "action": "Assimilate new rainfall-response events only after censoring and backtest checks pass.",
        "reason": "Automatic promotion with only two clean response events could make the model less reliable."
      }
    ],
    "interpretation": "Operational integrity and scientific confidence are separate. This block reports whether the forecast is running correctly and how strongly its current prediction is supported by calibration data."
  },
  "direct_discharge_redundancy_check": {
    "status": "not_ready_for_extended_historical_testing",
    "mode": "shadow_only_no_effect_on_operational_forecast",
    "dry_hourly_points": 101,
    "candidate_fit": {
      "type": "linear_rate_in_discharge",
      "intercept_m3s_per_day": 1.0827463935166521,
      "coefficient_per_day": -0.12000221815560393,
      "n": 70,
      "discharge_range_m3s": [
        13.05,
        15.9
      ],
      "rate_rmse_m3s_per_day": 0.24318999877760356
    },
    "holdout": {
      "train_points": 70,
      "test_points": 31,
      "official_stage_recession_then_rating": {
        "n": 31,
        "rmse_m3s": 0.32299611310293674,
        "mae_m3s": 0.19807180529760854,
        "bias_m3s": -0.1087125933207275
      },
      "direct_discharge_candidate": {
        "n": 31,
        "rmse_m3s": 0.30639262450402827,
        "mae_m3s": 0.19270380390686684,
        "bias_m3s": -0.06536871598178537
      },
      "rmse_improvement_fraction": 0.05140460805984082,
      "minimum_improvement_required": 0.1
    },
    "current_projection": {
      "current_discharge_m3s": 11.1,
      "candidate_rain_free": {
        "reached": false,
        "hours": null,
        "days": null,
        "path_daily": [
          {
            "day": 1,
            "discharge_m3s": 10.864543479152575,
            "rate_m3s_per_day": -0.22102292322965922
          },
          {
            "day": 2,
            "discharge_m3s": 10.655775593780007,
            "rate_m3s_per_day": -0.19597031390529618
          },
          {
            "day": 3,
            "discharge_m3s": 10.470671227988518,
            "rate_m3s_per_day": -0.17375737942003133
          },
          {
            "day": 4,
            "discharge_m3s": 10.306548158130703,
            "rate_m3s_per_day": -0.15406224698658622
          },
          {
            "day": 5,
            "discharge_m3s": 10.161028186495383,
            "rate_m3s_per_day": -0.1365995276044074
          },
          {
            "day": 6,
            "discharge_m3s": 10.032002680434044,
            "rate_m3s_per_day": -0.12111618067839736
          },
          {
            "day": 7,
            "discharge_m3s": 9.91760201757448,
            "rate_m3s_per_day": -0.1073878473767782
          },
          {
            "day": 8,
            "discharge_m3s": 9.816168494372599,
            "rate_m3s_per_day": -0.0952155995972146
          },
          {
            "day": 9,
            "discharge_m3s": 9.72623230543831,
            "rate_m3s_per_day": -0.08442305743263856
          },
          {
            "day": 10,
            "discharge_m3s": 9.646490245567964,
            "rate_m3s_per_day": -0.07485383336790008
          },
          {
            "day": 11,
            "discharge_m3s": 9.575786825868779,
            "rate_m3s_per_day": -0.06636926617281103
          },
          {
            "day": 12,
            "discharge_m3s": 9.513097530341591,
            "rate_m3s_per_day": -0.05884641165493654
          },
          {
            "day": 13,
            "discharge_m3s": 9.457513970304246,
            "rate_m3s_per_day": -0.05217626115746987
          },
          {
            "day": 14,
            "discharge_m3s": 9.408230721538356,
            "rate_m3s_per_day": -0.04626216198764865
          },
          {
            "day": 15,
            "discharge_m3s": 9.364533653425248,
            "rate_m3s_per_day": -0.04101841688717922
          },
          {
            "day": 16,
            "discharge_m3s": 9.32578958095649,
            "rate_m3s_per_day": -0.03636904225054671
          },
          {
            "day": 17,
            "discharge_m3s": 9.291437089673115,
            "rate_m3s_per_day": -0.032246667097370674
          },
          {
            "day": 18,
            "discharge_m3s": 9.260978400583946,
            "rate_m3s_per_day": -0.028591556844558497
          },
          {
            "day": 19,
            "discharge_m3s": 9.233972157182913,
            "rate_m3s_per_day": -0.025350747732384438
          },
          {
            "day": 20,
            "discharge_m3s": 9.210027030046922,
            "rate_m3s_per_day": -0.022477279362047353
          },
          {
            "day": 21,
            "discharge_m3s": 9.188796046342723,
            "rate_m3s_per_day": -0.0199295142239182
          },
          {
            "day": 22,
            "discharge_m3s": 9.169971562075508,
            "rate_m3s_per_day": -0.017670534356217127
          },
          {
            "day": 23,
            "discharge_m3s": 9.153280804225394,
            "rate_m3s_per_day": -0.01566760639150533
          },
          {
            "day": 24,
            "discharge_m3s": 9.13848191817589,
            "rate_m3s_per_day": -0.013891707239332751
          },
          {
            "day": 25,
            "discharge_m3s": 9.125360463160305,
            "rate_m3s_per_day": -0.012317103532033746
          },
          {
            "day": 26,
            "discharge_m3s": 9.113726304943938,
            "rate_m3s_per_day": -0.01092097873969644
          },
          {
            "day": 27,
            "discharge_m3s": 9.10341086071594,
            "rate_m3s_per_day": -0.009683102551076184
          },
          {
            "day": 28,
            "discharge_m3s": 9.094264656268479,
            "rate_m3s_per_day": -0.008585537729676185
          },
          {
            "day": 29,
            "discharge_m3s": 9.08615516006591,
            "rate_m3s_per_day": -0.00761238019724364
          },
          {
            "day": 30,
            "discharge_m3s": 9.078964862818866,
            "rate_m3s_per_day": -0.006749528578400055
          },
          {
            "day": 31,
            "discharge_m3s": 9.072589574735694,
            "rate_m3s_per_day": -0.005984479867038539
          },
          {
            "day": 32,
            "discharge_m3s": 9.066936915777788,
            "rate_m3s_per_day": -0.00530614825361253
          },
          {
            "day": 33,
            "discharge_m3s": 9.061924977042231,
            "rate_m3s_per_day": -0.004704704488085909
          },
          {
            "day": 34,
            "discharge_m3s": 9.057481133874616,
            "rate_m3s_per_day": -0.004171433450836259
          },
          {
            "day": 35,
            "discharge_m3s": 9.053540993513705,
            "rate_m3s_per_day": -0.003698607867682613
          },
          {
            "day": 36,
            "discharge_m3s": 9.05004746201898,
            "rate_m3s_per_day": -0.003279376339119233
          },
          {
            "day": 37,
            "discharge_m3s": 9.046949916960509,
            "rate_m3s_per_day": -0.0029076640612657467
          },
          {
            "day": 38,
            "discharge_m3s": 9.044203473883142,
            "rate_m3s_per_day": -0.002578084799943481
          },
          {
            "day": 39,
            "discharge_m3s": 9.041768335915867,
            "rate_m3s_per_day": -0.002285862842355657
          },
          {
            "day": 40,
            "discharge_m3s": 9.039609217101956,
            "rate_m3s_per_day": -0.0020267637954247686
          },
          {
            "day": 41,
            "discharge_m3s": 9.037694831093765,
            "rate_m3s_per_day": -0.0017970332280357049
          },
          {
            "day": 42,
            "discharge_m3s": 9.035997437803152,
            "rate_m3s_per_day": -0.0015933422680798337
          },
          {
            "day": 43,
            "discharge_m3s": 9.034492441438426,
            "rate_m3s_per_day": -0.001412739365996618
          },
          {
            "day": 44,
            "discharge_m3s": 9.033158034103156,
            "rate_m3s_per_day": -0.0012526075258409985
          },
          {
            "day": 45,
            "discharge_m3s": 9.031974879792504,
            "rate_m3s_per_day": -0.001110626384142499
          },
          {
            "day": 46,
            "discharge_m3s": 9.030925167813066,
            "rate_m3s_per_day": -0.001
          },
          {
            "day": 47,
            "discharge_m3s": 9.029925167813076,
            "rate_m3s_per_day": -0.001
          },
          {
            "day": 48,
            "discharge_m3s": 9.028925167813085,
            "rate_m3s_per_day": -0.001
          },
          {
            "day": 49,
            "discharge_m3s": 9.027925167813095,
            "rate_m3s_per_day": -0.001
          },
          {
            "day": 50,
            "discharge_m3s": 9.026925167813104,
            "rate_m3s_per_day": -0.001
          },
          {
            "day": 51,
            "discharge_m3s": 9.025925167813114,
            "rate_m3s_per_day": -0.001
          },
          {
            "day": 52,
            "discharge_m3s": 9.024925167813123,
            "rate_m3s_per_day": -0.001
          },
          {
            "day": 53,
            "discharge_m3s": 9.023925167813132,
            "rate_m3s_per_day": -0.001
          },
          {
            "day": 54,
            "discharge_m3s": 9.022925167813142,
            "rate_m3s_per_day": -0.001
          },
          {
            "day": 55,
            "discharge_m3s": 9.021925167813151,
            "rate_m3s_per_day": -0.001
          },
          {
            "day": 56,
            "discharge_m3s": 9.02092516781316,
            "rate_m3s_per_day": -0.001
          },
          {
            "day": 57,
            "discharge_m3s": 9.01992516781317,
            "rate_m3s_per_day": -0.001
          },
          {
            "day": 58,
            "discharge_m3s": 9.01892516781318,
            "rate_m3s_per_day": -0.001
          },
          {
            "day": 59,
            "discharge_m3s": 9.017925167813189,
            "rate_m3s_per_day": -0.001
          },
          {
            "day": 60,
            "discharge_m3s": 9.016925167813199,
            "rate_m3s_per_day": -0.001
          },
          {
            "day": 61,
            "discharge_m3s": 9.015925167813208,
            "rate_m3s_per_day": -0.001
          },
          {
            "day": 62,
            "discharge_m3s": 9.014925167813217,
            "rate_m3s_per_day": -0.001
          },
          {
            "day": 63,
            "discharge_m3s": 9.013925167813227,
            "rate_m3s_per_day": -0.001
          },
          {
            "day": 64,
            "discharge_m3s": 9.012925167813236,
            "rate_m3s_per_day": -0.001
          },
          {
            "day": 65,
            "discharge_m3s": 9.011925167813246,
            "rate_m3s_per_day": -0.001
          },
          {
            "day": 66,
            "discharge_m3s": 9.010925167813255,
            "rate_m3s_per_day": -0.001
          },
          {
            "day": 67,
            "discharge_m3s": 9.009925167813265,
            "rate_m3s_per_day": -0.001
          },
          {
            "day": 68,
            "discharge_m3s": 9.008925167813274,
            "rate_m3s_per_day": -0.001
          },
          {
            "day": 69,
            "discharge_m3s": 9.007925167813283,
            "rate_m3s_per_day": -0.001
          },
          {
            "day": 70,
            "discharge_m3s": 9.006925167813293,
            "rate_m3s_per_day": -0.001
          },
          {
            "day": 71,
            "discharge_m3s": 9.005925167813302,
            "rate_m3s_per_day": -0.001
          },
          {
            "day": 72,
            "discharge_m3s": 9.004925167813312,
            "rate_m3s_per_day": -0.001
          },
          {
            "day": 73,
            "discharge_m3s": 9.003925167813321,
            "rate_m3s_per_day": -0.001
          },
          {
            "day": 74,
            "discharge_m3s": 9.00292516781333,
            "rate_m3s_per_day": -0.001
          },
          {
            "day": 75,
            "discharge_m3s": 9.00192516781334,
            "rate_m3s_per_day": -0.001
          },
          {
            "day": 76,
            "discharge_m3s": 9.00092516781335,
            "rate_m3s_per_day": -0.001
          },
          {
            "day": 77,
            "discharge_m3s": 8.999925167813359,
            "rate_m3s_per_day": -0.001
          },
          {
            "day": 78,
            "discharge_m3s": 8.998925167813368,
            "rate_m3s_per_day": -0.001
          },
          {
            "day": 79,
            "discharge_m3s": 8.997925167813378,
            "rate_m3s_per_day": -0.001
          },
          {
            "day": 80,
            "discharge_m3s": 8.996925167813387,
            "rate_m3s_per_day": -0.001
          },
          {
            "day": 81,
            "discharge_m3s": 8.995925167813397,
            "rate_m3s_per_day": -0.001
          },
          {
            "day": 82,
            "discharge_m3s": 8.994925167813406,
            "rate_m3s_per_day": -0.001
          },
          {
            "day": 83,
            "discharge_m3s": 8.993925167813416,
            "rate_m3s_per_day": -0.001
          },
          {
            "day": 84,
            "discharge_m3s": 8.992925167813425,
            "rate_m3s_per_day": -0.001
          },
          {
            "day": 85,
            "discharge_m3s": 8.991925167813434,
            "rate_m3s_per_day": -0.001
          },
          {
            "day": 86,
            "discharge_m3s": 8.990925167813444,
            "rate_m3s_per_day": -0.001
          },
          {
            "day": 87,
            "discharge_m3s": 8.989925167813453,
            "rate_m3s_per_day": -0.001
          },
          {
            "day": 88,
            "discharge_m3s": 8.988925167813463,
            "rate_m3s_per_day": -0.001
          },
          {
            "day": 89,
            "discharge_m3s": 8.987925167813472,
            "rate_m3s_per_day": -0.001
          },
          {
            "day": 90,
            "discharge_m3s": 8.986925167813482,
            "rate_m3s_per_day": -0.001
          },
          {
            "day": 91,
            "discharge_m3s": 8.985925167813491,
            "rate_m3s_per_day": -0.001
          },
          {
            "day": 92,
            "discharge_m3s": 8.9849251678135,
            "rate_m3s_per_day": -0.001
          },
          {
            "day": 93,
            "discharge_m3s": 8.98392516781351,
            "rate_m3s_per_day": -0.001
          },
          {
            "day": 94,
            "discharge_m3s": 8.98292516781352,
            "rate_m3s_per_day": -0.001
          },
          {
            "day": 95,
            "discharge_m3s": 8.981925167813529,
            "rate_m3s_per_day": -0.001
          },
          {
            "day": 96,
            "discharge_m3s": 8.980925167813538,
            "rate_m3s_per_day": -0.001
          },
          {
            "day": 97,
            "discharge_m3s": 8.979925167813548,
            "rate_m3s_per_day": -0.001
          },
          {
            "day": 98,
            "discharge_m3s": 8.978925167813557,
            "rate_m3s_per_day": -0.001
          },
          {
            "day": 99,
            "discharge_m3s": 8.977925167813567,
            "rate_m3s_per_day": -0.001
          },
          {
            "day": 100,
            "discharge_m3s": 8.976925167813576,
            "rate_m3s_per_day": -0.001
          },
          {
            "day": 101,
            "discharge_m3s": 8.975925167813585,
            "rate_m3s_per_day": -0.001
          },
          {
            "day": 102,
            "discharge_m3s": 8.974925167813595,
            "rate_m3s_per_day": -0.001
          },
          {
            "day": 103,
            "discharge_m3s": 8.973925167813604,
            "rate_m3s_per_day": -0.001
          },
          {
            "day": 104,
            "discharge_m3s": 8.972925167813614,
            "rate_m3s_per_day": -0.001
          },
          {
            "day": 105,
            "discharge_m3s": 8.971925167813623,
            "rate_m3s_per_day": -0.001
          },
          {
            "day": 106,
            "discharge_m3s": 8.970925167813633,
            "rate_m3s_per_day": -0.001
          },
          {
            "day": 107,
            "discharge_m3s": 8.969925167813642,
            "rate_m3s_per_day": -0.001
          },
          {
            "day": 108,
            "discharge_m3s": 8.968925167813651,
            "rate_m3s_per_day": -0.001
          },
          {
            "day": 109,
            "discharge_m3s": 8.967925167813661,
            "rate_m3s_per_day": -0.001
          },
          {
            "day": 110,
            "discharge_m3s": 8.96692516781367,
            "rate_m3s_per_day": -0.001
          },
          {
            "day": 111,
            "discharge_m3s": 8.96592516781368,
            "rate_m3s_per_day": -0.001
          },
          {
            "day": 112,
            "discharge_m3s": 8.96492516781369,
            "rate_m3s_per_day": -0.001
          },
          {
            "day": 113,
            "discharge_m3s": 8.963925167813699,
            "rate_m3s_per_day": -0.001
          },
          {
            "day": 114,
            "discharge_m3s": 8.962925167813708,
            "rate_m3s_per_day": -0.001
          },
          {
            "day": 115,
            "discharge_m3s": 8.961925167813718,
            "rate_m3s_per_day": -0.001
          },
          {
            "day": 116,
            "discharge_m3s": 8.960925167813727,
            "rate_m3s_per_day": -0.001
          },
          {
            "day": 117,
            "discharge_m3s": 8.959925167813736,
            "rate_m3s_per_day": -0.001
          },
          {
            "day": 118,
            "discharge_m3s": 8.958925167813746,
            "rate_m3s_per_day": -0.001
          },
          {
            "day": 119,
            "discharge_m3s": 8.957925167813755,
            "rate_m3s_per_day": -0.001
          },
          {
            "day": 120,
            "discharge_m3s": 8.956925167813765,
            "rate_m3s_per_day": -0.001
          }
        ]
      },
      "official_stage_based_rain_free_days": 7.625,
      "candidate_minus_official_days": null,
      "target_outside_candidate_fit_range": true
    },
    "promotion_recommendation": {
      "recommended": false,
      "automatic_promotion_enabled": false,
      "holdout_improvement_check": false,
      "bias_check": true,
      "target_inside_fit_range_check": false,
      "reason": "One or more holdout, bias, target-range or projection checks are not met."
    },
    "interpretation": "This shorter-window shadow model forecasts the 6.77 m3/s threshold directly from discharge recession and compares it with the operational stage-recession-plus-rating chain. It does not alter the official forecast."
  },
  "hysteresis_diagnostics": {
    "status": "diagnostic_only",
    "current_limb": "falling",
    "classification": {
      "rising_points": 36,
      "falling_points": 278,
      "approximately_flat_points": 32,
      "limb_threshold_6h_stage_change_m": 0.003
    },
    "rising_fit": {
      "slope_m3s_per_m": 13.283166050307434,
      "intercept_m3s": -16.932443426683545,
      "r2": 0.9993440574102729,
      "rmse_m3s": 0.03725547231978038,
      "n": 36,
      "stage_range_m": [
        2.1645000000000003,
        2.542
      ],
      "discharge_range_m3s": [
        11.850000000000001,
        16.95
      ],
      "start_utc": "2026-07-19T03:00:00+00:00",
      "end_utc": "2026-07-29T14:00:00+00:00"
    },
    "falling_fit": {
      "slope_m3s_per_m": 13.052574630942095,
      "intercept_m3s": -16.40137667117237,
      "r2": 0.9990894629809236,
      "rmse_m3s": 0.04026833517138646,
      "n": 278,
      "stage_range_m": [
        2.099,
        2.466
      ],
      "discharge_range_m3s": [
        11.1,
        15.9
      ],
      "start_utc": "2026-07-17T06:00:00+00:00",
      "end_utc": "2026-07-31T15:00:00+00:00"
    },
    "loop_comparison": {
      "status": "apparent_loop_quantified",
      "overlap_discharge_range_m3s": [
        11.850000000000001,
        15.9
      ],
      "median_rising_minus_falling_stage_m": -0.00028656331849541417,
      "maximum_absolute_stage_separation_m": 0.0029797743415196365,
      "target_discharge_m3s": 6.77,
      "target_inside_overlap": false,
      "target_rising_stage_m": 1.784397133704051,
      "target_falling_stage_m": 1.7752341837788004,
      "target_rising_minus_falling_stage_m": 0.009162949925250574
    },
    "confidence_effect": "small_apparent_hysteresis",
    "interpretation": "Separate recent rising and falling relationships are compared over their common discharge range. The result measures apparent loop separation in the provisional WSC stage-discharge series."
  },
  "secondary_field_observations": {
    "original_project_condition_stage_understood_m": 1.5,
    "later_reconstructed_rising_stage_m": 1.7,
    "later_reconstructed_rising_discharge_m3s": 6.77,
    "project_threshold_wse_m": 650.2,
    "concurrent_surveyed_triple_available": false,
    "interpretation": "These are related pieces of evidence, not one simultaneous surveyed observation. Their disagreement is why the system maps current stage to discharge and then discharge to RS18883, rather than releasing work at a fixed gauge stage."
  },
  "low_pocket": {
    "elevation_m": 649.6,
    "status": "not reliably represented by river-stage transfer",
    "interpretation": "The 649.60 m pocket may be controlled by local ponding/drainage. Raising it toward 650.20 m removes this separate low-point constraint."
  },
  "decision": {
    "status": "not_ready",
    "schedule_use": "Use the nominal all-member p50 as the official working inspection date, compare it with the precipitation-screened direct-Q p50, and use the risk-adjusted protected p90 for schedule contingency. The unscreened direct-Q result is a conservative diagnostic, not an alternate official forecast.",
    "release_rule": "Release floodplain work only after the estimated WSE is at or below 650.20 m and a direct project-site inspection confirms drainage, access bearing and no renewed rise.",
    "site_checks": [
      "main floodplain visibly drained",
      "no sustained renewed rise forecast",
      "access and working platform have acceptable bearing capacity",
      "rutting, pumping and dewatering are manageable",
      "confirm whether the former 649.60 m pocket has in fact been raised and drains with the main platform"
    ]
  },
  "uncertainty": {
    "starkey_transfer_m": 0.15,
    "rating_fit_rmse_m3s": 0.02792220629260035,
    "confidence": "low_to_moderate_for_scheduling; field verification required",
    "all_member_model_uncertainty": {
      "median_later_window_delay_rmse_days": 1.7320508075688772,
      "maximum_later_window_delay_rmse_days": 1.7320508075688772,
      "interpretation": "The member spread is meteorological uncertainty only. Analogue-response uncertainty is additional and is summarized separately rather than pretending the GEPS member frequency is a fully calibrated probability of construction readiness."
    },
    "calibration_health": {
      "score_version": 3,
      "score_out_of_100": 58.0,
      "tier": "low_to_moderate",
      "components": {
        "uncensored_peak_events": 14.0,
        "complete_recoveries": 0.0,
        "storm_type_diversity": 8.0,
        "forecast_feature_coverage": 2.0,
        "current_rating_support": 2.0,
        "meteorological_ensemble": 8.0,
        "project_transfer_support": 8.0,
        "historical_recession_validation": 8.0,
        "operational_integrity_controls": 8.0
      },
      "warning": "This is a transparent engineering evidence diagnostic, not a probability. Version 3 no longer awards full feature-coverage points when a complete HRDPS forecast is dry or when feature inputs are missing. A dry forecast can reduce near-term timing risk without increasing calibration evidence."
    },
    "risk_adjusted_sensitivity": {
      "optimistic_p10": {
        "days": 3.1967682206559536,
        "date_utc": "2026-08-03"
      },
      "central_p50": {
        "days": 12.163440316577926,
        "date_utc": "2026-08-12"
      },
      "precipitation_screened_direct_q_p50": {
        "days": 13.496773649911262,
        "date_utc": "2026-08-14"
      },
      "precipitation_screened_direct_q_upper_p90": {
        "days": 18.359794655967733,
        "date_utc": "2026-08-19"
      },
      "unscreened_direct_q_p50": {
        "days": 14.330106983244594,
        "date_utc": "2026-08-14"
      },
      "unscreened_direct_q_upper_p90": {
        "days": 19.193127989301065,
        "date_utc": "2026-08-19"
      },
      "transfer_conservative_p90": {
        "days": 20.568127989301065,
        "date_utc": "2026-08-21"
      },
      "protected_schedule_p90": {
        "days": 20.568127989301065,
        "date_utc": "2026-08-21"
      },
      "protected_schedule_source": "transfer_and_response_sensitivity",
      "screened_direct_q_difference_from_live_central_days": 1.3333333333333357,
      "recommended_use": "Keep the nominal all-member p50 as the official working inspection forecast. Use the precipitation-screened direct-Q p50 as the preferred independent timing check, retain the unscreened direct-Q result as a conservative diagnostic, and protect the schedule with the latest upper-response/transfer p90. None of these sensitivities is a formal confidence limit."
    },
    "historical_direct_discharge_sensitivities": {
      "gauge_only_18_month": {
        "status": "historical_direct_discharge_sensitivity_available",
        "rain_free_days_to_6_77_m3s": 9.791666666666666,
        "central_response_distribution": {
          "member_count": 21,
          "mean": {
            "days": 14.011114773189496,
            "date_utc": "2026-08-14"
          },
          "earliest": {
            "days": 13.202357068510308,
            "date_utc": "2026-08-13"
          },
          "latest": {
            "days": 14.342854094021131,
            "date_utc": "2026-08-14"
          },
          "standard_deviation_days": 0.5101562236750703,
          "quantiles": {
            "p10": {
              "days": 13.204417175975296,
              "date_utc": "2026-08-13"
            },
            "p25": {
              "days": 13.206560539190113,
              "date_utc": "2026-08-13"
            },
            "p50": {
              "days": 14.330106983244594,
              "date_utc": "2026-08-14"
            },
            "p75": {
              "days": 14.336633052416387,
              "date_utc": "2026-08-14"
            },
            "p90": {
              "days": 14.339135898573163,
              "date_utc": "2026-08-14"
            }
          }
        },
        "upper_response_distribution": {
          "member_count": 21,
          "mean": {
            "days": 18.579392578203112,
            "date_utc": "2026-08-19"
          },
          "earliest": {
            "days": 17.05634915923821,
            "date_utc": "2026-08-17"
          },
          "latest": {
            "days": 19.196846184749035,
            "date_utc": "2026-08-19"
          },
          "standard_deviation_days": 0.961900937996223,
          "quantiles": {
            "p10": {
              "days": 17.058409266703197,
              "date_utc": "2026-08-17"
            },
            "p25": {
              "days": 17.060552629918014,
              "date_utc": "2026-08-17"
            },
            "p50": {
              "days": 19.184099073972494,
              "date_utc": "2026-08-19"
            },
            "p75": {
              "days": 19.19062514314429,
              "date_utc": "2026-08-19"
            },
            "p90": {
              "days": 19.193127989301065,
              "date_utc": "2026-08-19"
            }
          }
        },
        "eligible_for_protected_schedule": true,
        "eligible_for_live_central_replacement": false,
        "source": "historical_gauge_analysis",
        "screening": "gauge decline only; not precipitation screened",
        "support": {
          "status": "historical_gauge_candidate_ready_for_rdpa_pairing",
          "generated_utc": "2026-07-30T15:31:56+00:00",
          "points": 1594,
          "fit": {
            "n": 1473,
            "intercept_per_day": -0.11704619532651687,
            "coefficient_per_day": -0.039998200420028114,
            "value_range": [
              0.06,
              25.6
            ],
            "rate_rmse_per_day": 0.1927598409139369
          },
          "year_holdout": {
            "n": 825,
            "rmse_per_day": 0.46370991228891206,
            "mae_per_day": 0.35293671957912137,
            "bias_per_day": -0.2736372701983771
          },
          "target_stage_support": {
            "n": 37,
            "tolerance_m3s": 0.5,
            "discharge_range_m3s": [
              6.275,
              7.26
            ],
            "stage_min_m": 1.3975,
            "stage_p10_m": 1.4068,
            "stage_p25_m": 1.416,
            "stage_median_m": 1.4425,
            "stage_p75_m": 1.458,
            "stage_p90_m": 1.4678,
            "stage_max_m": 1.477,
            "stage_standard_deviation_m": 0.02331000782009054,
            "first_utc": "2026-05-07T14:00:00+00:00",
            "last_utc": "2026-05-09T03:00:00+00:00"
          }
        },
        "interpretation": "Conservative unscreened historical direct-Q check retained for schedule protection, not central forecasting."
      },
      "rdpa_screened_preferred": {
        "status": "historical_direct_discharge_sensitivity_available",
        "rain_free_days_to_6_77_m3s": 8.958333333333334,
        "central_response_distribution": {
          "member_count": 21,
          "mean": {
            "days": 13.177781439856165,
            "date_utc": "2026-08-13"
          },
          "earliest": {
            "days": 12.369023735176976,
            "date_utc": "2026-08-13"
          },
          "latest": {
            "days": 13.5095207606878,
            "date_utc": "2026-08-14"
          },
          "standard_deviation_days": 0.5101562236750703,
          "quantiles": {
            "p10": {
              "days": 12.371083842641964,
              "date_utc": "2026-08-13"
            },
            "p25": {
              "days": 12.37322720585678,
              "date_utc": "2026-08-13"
            },
            "p50": {
              "days": 13.496773649911262,
              "date_utc": "2026-08-14"
            },
            "p75": {
              "days": 13.503299719083055,
              "date_utc": "2026-08-14"
            },
            "p90": {
              "days": 13.505802565239831,
              "date_utc": "2026-08-14"
            }
          }
        },
        "upper_response_distribution": {
          "member_count": 21,
          "mean": {
            "days": 17.74605924486978,
            "date_utc": "2026-08-18"
          },
          "earliest": {
            "days": 16.223015825904874,
            "date_utc": "2026-08-16"
          },
          "latest": {
            "days": 18.3635128514157,
            "date_utc": "2026-08-19"
          },
          "standard_deviation_days": 0.961900937996223,
          "quantiles": {
            "p10": {
              "days": 16.225075933369865,
              "date_utc": "2026-08-16"
            },
            "p25": {
              "days": 16.227219296584682,
              "date_utc": "2026-08-16"
            },
            "p50": {
              "days": 18.35076574063916,
              "date_utc": "2026-08-18"
            },
            "p75": {
              "days": 18.357291809810956,
              "date_utc": "2026-08-19"
            },
            "p90": {
              "days": 18.359794655967733,
              "date_utc": "2026-08-19"
            }
          }
        },
        "eligible_for_protected_schedule": true,
        "eligible_for_live_central_replacement": false,
        "source": "rdpa_moderate",
        "screening": "24 h, 72 h and 168 h basin-clipped RDPA dry-period screen",
        "support": {
          "pairing_status": "historical_rdpa_pairing_complete",
          "pairing_generated_utc": "2026-07-30T15:32:32+00:00",
          "rdpa_coverage_fraction": 0.9991142604074402,
          "points": 827,
          "events": 8,
          "fit": {
            "n": 762,
            "intercept_per_day": -0.1308619100186823,
            "coefficient_per_day": -0.043169313522551926,
            "value_range": [
              0.076,
              25.1
            ],
            "rate_rmse_per_day": 0.1974247433692534
          },
          "event_block_cross_validation": {
            "available": true,
            "folds": [
              {
                "n": 30,
                "rmse_per_day": 0.0813579597722957,
                "mae_per_day": 0.07133271481034291,
                "bias_per_day": -0.07108552619676348,
                "held_out_event": 10,
                "train_points": 549,
                "test_first_utc": "2025-06-03T03:00:00+00:00",
                "test_last_utc": "2025-06-04T12:00:00+00:00"
              },
              {
                "n": 29,
                "rmse_per_day": 0.12305746333794412,
                "mae_per_day": 0.12247695918677245,
                "bias_per_day": -0.12247695918677245,
                "held_out_event": 11,
                "train_points": 550,
                "test_first_utc": "2025-07-03T12:00:00+00:00",
                "test_last_utc": "2025-07-04T17:00:00+00:00"
              },
              {
                "n": 47,
                "rmse_per_day": 0.1425371063341521,
                "mae_per_day": 0.14220751592838987,
                "bias_per_day": -0.14220751592838987,
                "held_out_event": 14,
                "train_points": 532,
                "test_first_utc": "2025-07-14T18:00:00+00:00",
                "test_last_utc": "2025-07-16T18:00:00+00:00"
              },
              {
                "n": 34,
                "rmse_per_day": 0.14491816965442084,
                "mae_per_day": 0.14442489184624763,
                "bias_per_day": -0.14442489184624763,
                "held_out_event": 27,
                "train_points": 545,
                "test_first_utc": "2025-10-29T12:00:00+00:00",
                "test_last_utc": "2025-10-31T09:00:00+00:00"
              },
              {
                "n": 314,
                "rmse_per_day": 0.26592106535892546,
                "mae_per_day": 0.21348576097587557,
                "bias_per_day": 0.06548044571515038,
                "held_out_event": 29,
                "train_points": 265,
                "test_first_utc": "2026-04-28T00:00:00+00:00",
                "test_last_utc": "2026-05-11T11:00:00+00:00"
              },
              {
                "n": 34,
                "rmse_per_day": 0.2277349126027351,
                "mae_per_day": 0.18460869603852909,
                "bias_per_day": 0.08470649201252363,
                "held_out_event": 30,
                "train_points": 545,
                "test_first_utc": "2026-05-12T20:00:00+00:00",
                "test_last_utc": "2026-05-14T05:00:00+00:00"
              },
              {
                "n": 31,
                "rmse_per_day": 0.10086262830141919,
                "mae_per_day": 0.08997176736272205,
                "bias_per_day": -0.024162316861185387,
                "held_out_event": 36,
                "train_points": 548,
                "test_first_utc": "2026-05-28T05:00:00+00:00",
                "test_last_utc": "2026-05-29T20:00:00+00:00"
              },
              {
                "n": 60,
                "rmse_per_day": 0.3981429755449632,
                "mae_per_day": 0.2778201910608142,
                "bias_per_day": 0.09740920830712141,
                "held_out_event": 37,
                "train_points": 519,
                "test_first_utc": "2026-07-07T06:00:00+00:00",
                "test_last_utc": "2026-07-09T17:00:00+00:00"
              }
            ],
            "aggregate": {
              "n": 579,
              "rmse_per_day": 0.24969981446116865,
              "mae_per_day": 0.19007871104622034,
              "bias_per_day": 0.019443530544019885
            }
          },
          "event_block_rmse_per_day": 0.24969981446116865,
          "skill_improvement_vs_gauge_only_pct": 1.8715339090006198,
          "selection_status": "screened_candidate_ready_for_operational_sensitivity",
          "promotion_recommendation": {
            "promote_now": false,
            "reasons_not_to_promote": [
              "event_block_skill_gain_is_less_than_5_percent",
              "fewer_than_10_independent_dry_event_blocks",
              "10_km_rdpa_screen_may_miss_sub_grid_convective_rain",
              "wsc_discharge_is_provisional_and_rating_derived",
              "manual_engineering_review_is_required"
            ],
            "next_evidence_needed": [
              "additional independent summer falling-limb recession blocks",
              "surveyed RS18883 WSE observations near 650.20 m",
              "material out-of-sample skill improvement over the live recession model"
            ]
          }
        },
        "interpretation": "Preferred precipitation-screened direct-Q sensitivity. It is more defensible than the unscreened fit but remains shadow-only because the skill gain and independent event count are limited."
      }
    },
    "apparent_hysteresis": {
      "confidence_effect": "small_apparent_hysteresis",
      "maximum_absolute_stage_separation_m": 0.0029797743415196365,
      "target_rising_minus_falling_stage_m": 0.009162949925250574
    }
  },
  "limitations": [
    "The current-event rating is fitted to recent provisional 05EA002 observations and can shift if backwater or conveyance changes.",
    "Forecast paths are daily recession-delay scenarios, not an unsteady hydraulic simulation.",
    "The 650.20 m / 6.77 m3/s low-flow anchor is reconstructed rather than one concurrent surveyed project-site water level.",
    "The RS18883 curve is now constrained by the complete 2- to 1,000-year design profile above 14 m3/s, but the segment from 6.77 to 14 m3/s still depends on the approximate low-flow anchor.",
    "Final construction release requires direct site inspection and bearing-capacity confirmation.",
    "Only two uncensored historical peak-response events and zero complete recoveries are available for rainfall-impact prediction.",
    "All members share the same deterministic HRDPS central impact during the first 48 hours; short-range hydrologic uncertainty is not represented as an ensemble.",
    "GEPS grid resolution is too coarse to resolve small subbasins reliably; basin totals and broad upper/lower contrasts are used.",
    "Member frequencies are raw ensemble probabilities and have not been statistically calibrated against historical project-threshold forecast errors.",
    "Final work release still requires direct confirmation of drainage and bearing capacity at RS18883.",
    "Storage pressure is inferred from rainfall and upstream gauge trends, not simulated as physical reservoir volumes.",
    "The current-event stage-discharge fit uses provisional WSC stage and rating-derived discharge.",
    "The diagnostic score is intentionally transparent but is not a confidence interval.",
    "A dry short-range forecast reduces dependence on the weak rainfall-response model but is not new calibration evidence.",
    "The full design profile improves RS18883 interpolation above 14 m3/s but does not replace a surveyed low-flow observation.",
    "WSC discharge is rating-derived rather than an independent velocity-area measurement at every hour, so the apparent loop may partly reflect the station rating procedure.",
    "This diagnostic does not directly measure project-site RS18883 hysteresis, backwater or floodplain storage.",
    "A project-site logger tied to CGVD28 is required to calibrate actual rising-versus-falling WSE differences at the work site.",
    "The target-discharge comparison is extrapolative when 6.77 m3/s lies outside the overlap of recent rising and falling observations.",
    "Only two clean rainfall-response events are available for forecasting rainfall delays, so fallback response errors remain necessary.",
    "The plus/minus 0.15 m project-transfer allowance is not a fitted probability distribution.",
    "The preferred precipitation-screened direct-Q model uses 10 km RDPA, provisional rating-derived WSC discharge and a limited number of independent event blocks.",
    "The precipitation-screened direct-Q skill gain is small, so it remains a shadow timing check rather than a replacement central forecast.",
    "Local ponding and bearing capacity remain outside the hydrologic crossing-date calculation.",
    "WSC discharge is provisional and rating-derived from stage rather than independently measured each hour.",
    "The rolling operational dataset is short and the 6.77 m3/s target may lie below the observed fitting range.",
    "This cross-check excludes forecast rainfall and cannot replace the full rainfall-response model.",
    "The 650.20 m threshold and 6.77 m3/s operational anchor are reconstructed from related evidence rather than one concurrent surveyed project-site water level.",
    "The precipitation-screened historical direct-Q check uses 10 km RDPA and only a limited number of independent dry event blocks.",
    "Construction release remains a field decision, not an automatic model output."
  ]
}
