{
  "generated_utc": "2026-08-07T20:54:01.001231+00:00",
  "target_05EA002": {
    "metric": "water_level_m",
    "latest_utc": "2026-08-07T20:05:00+00:00",
    "latest": 1.82,
    "change_24h": -0.050999999999999934,
    "change_72h": -0.1339999999999999,
    "station": "05EA002"
  },
  "gauges": [
    {
      "metric": "water_level_m",
      "latest_utc": "2026-08-07T20:05:00+00:00",
      "latest": 1.82,
      "change_24h": -0.050999999999999934,
      "change_72h": -0.1339999999999999,
      "station": "05EA002"
    },
    {
      "metric": "discharge_m3s",
      "latest_utc": "2026-08-07T20:05:00+00:00",
      "latest": 7.95,
      "change_24h": -0.5300000000000002,
      "change_72h": -1.4300000000000006,
      "station": "05EA002"
    },
    {
      "metric": "water_level_m",
      "latest_utc": "2026-08-07T20:20:00+00:00",
      "latest": 0.89,
      "change_24h": -0.020000000000000018,
      "change_72h": -0.03600000000000003,
      "station": "05EA005"
    },
    {
      "metric": "discharge_m3s",
      "latest_utc": "2026-08-07T20:20:00+00:00",
      "latest": 0.269,
      "change_24h": -0.08599999999999997,
      "change_72h": -0.16499999999999998,
      "station": "05EA005"
    },
    {
      "metric": "water_level_m",
      "latest_utc": "2026-08-07T19:40:00+00:00",
      "latest": 723.742,
      "change_24h": 0.020999999999958163,
      "change_72h": 0.08999999999991815,
      "station": "05EA006"
    },
    {
      "metric": "water_level_m",
      "latest_utc": "2026-08-07T20:05:00+00:00",
      "latest": 0.405,
      "change_24h": -0.030999999999999972,
      "change_72h": -0.033999999999999975,
      "station": "05EA010"
    },
    {
      "metric": "discharge_m3s",
      "latest_utc": "2026-08-07T20:05:00+00:00",
      "latest": 0.0,
      "change_24h": 0.0,
      "change_72h": 0.0,
      "station": "05EA010"
    },
    {
      "metric": "water_level_m",
      "latest_utc": "2026-08-07T20:05:00+00:00",
      "latest": 8.095,
      "change_24h": -0.0030000000000001137,
      "change_72h": -0.04299999999999926,
      "station": "05EA011"
    },
    {
      "metric": "discharge_m3s",
      "latest_utc": "2026-08-07T20:05:00+00:00",
      "latest": 0.0,
      "change_24h": 0.0,
      "change_72h": 0.0,
      "station": "05EA011"
    },
    {
      "metric": "water_level_m",
      "latest_utc": "2026-08-07T20:05:00+00:00",
      "latest": 8.693,
      "change_24h": -0.06700000000000017,
      "change_72h": -0.030000000000001137,
      "station": "05EA012"
    },
    {
      "metric": "discharge_m3s",
      "latest_utc": "2026-08-07T20:05:00+00:00",
      "latest": 1.81,
      "change_24h": -0.27,
      "change_72h": -0.11999999999999988,
      "station": "05EA012"
    }
  ],
  "recent_precip_24h": [
    {
      "station": "05EA002",
      "period_end_utc": "2026-08-07T12:00:00+00:00",
      "period_hours": 24,
      "precip_mm": 0.000885140367385,
      "n_6h_periods": 4,
      "mean_cfia": 0.898431557429006,
      "area_km2": 2590.88335366
    },
    {
      "station": "05EA005",
      "period_end_utc": "2026-08-07T12:00:00+00:00",
      "period_hours": 24,
      "precip_mm": 0.000956329271245,
      "n_6h_periods": 4,
      "mean_cfia": 0.8945444112196765,
      "area_km2": 1889.49091781
    },
    {
      "station": "05EA010",
      "period_end_utc": "2026-08-07T12:00:00+00:00",
      "period_hours": 24,
      "precip_mm": 0.001213363647835,
      "n_6h_periods": 4,
      "mean_cfia": 0.8837002840909093,
      "area_km2": 121.243196585
    },
    {
      "station": "05EA011",
      "period_end_utc": "2026-08-07T12:00:00+00:00",
      "period_hours": 24,
      "precip_mm": 0.000114318181741,
      "n_6h_periods": 4,
      "mean_cfia": 0.896728515625,
      "area_km2": 97.0690958164
    },
    {
      "station": "05EA012",
      "period_end_utc": "2026-08-07T12:00:00+00:00",
      "period_hours": 24,
      "precip_mm": 0.000806363395409,
      "n_6h_periods": 4,
      "mean_cfia": 0.9107881433823527,
      "area_km2": 287.073915676
    }
  ]
}
