{
  "generated_utc": "2026-08-06T07:13:25.912913+00:00",
  "method": "current_event_stage_discharge_fit_then_rs18883_multi_point_wse_curve",
  "project_location": {
    "river_station": 18883,
    "description": "Trail and pedestrian bridge project section near Starkey",
    "downstream_bridge_sections": [
      18192,
      18178
    ],
    "note": "RS 18883 is the project section; bridge sections near RS 18192/18178 are not used as the project WSE location."
  },
  "hydrograph_limb": "falling",
  "current_event_rating_fit": {
    "slope_m3s_per_m": 11.294077727579184,
    "intercept_m3s": -12.67972768094809,
    "r2": 0.9991393823885707,
    "rmse_m3s": 0.01741780594440988,
    "n_hourly_points": 86,
    "start_utc": "2026-08-02T06:00:00+00:00",
    "end_utc": "2026-08-06T06:00:00+00:00",
    "stage_range_m": [
      1.896,
      2.0965
    ],
    "discharge_range_m3s": [
      8.75,
      11.0
    ]
  },
  "current": {
    "stage_05EA002_m": 1.902,
    "observed_discharge_05EA002_m3s": 8.82,
    "fit_discharge_05EA002_m3s": 8.801608156907516,
    "estimated_starkey_wse_m": 650.320144667807,
    "estimated_project_wse_m": 650.320144667807,
    "estimated_starkey_wse_range_m": [
      650.170144667807,
      650.470144667807
    ],
    "depth_over_main_floodplain_m": 0.12014466780692601,
    "depth_over_low_pocket_m": 0.7201446678069487
  },
  "construction_threshold": {
    "main_floodplain_wse_m": 650.2,
    "calibrated_target_discharge_m3s": 6.77,
    "equivalent_05EA002_stage_on_current_limb_m": 1.722117391972033,
    "interpretation": "The physical project threshold is 650.20 m. The current-event stage corresponding to the operational 6.77 m3/s anchor is used instead of either the contextual 1.50 m or 1.70 m gauge-stage observations."
  },
  "scenarios": {
    "dry": {
      "main_floodplain_crossing_days": 6.309123864734713,
      "main_floodplain_crossing_date_utc": "2026-08-12",
      "path_daily": [
        {
          "day": 0.0,
          "stage_05EA002_m": 1.902,
          "estimated_discharge_m3s": 8.801608156907516,
          "estimated_project_wse_m": 650.3191965668872,
          "estimated_starkey_wse_m": 650.3191965668872,
          "depth_over_main_floodplain_m": 0.11919656688712621
        },
        {
          "day": 1.0,
          "stage_05EA002_m": 1.8615403638462134,
          "estimated_discharge_m3s": 8.344653881357079,
          "estimated_project_wse_m": 650.2949817697345,
          "estimated_starkey_wse_m": 650.2949817697345,
          "depth_over_main_floodplain_m": 0.09498176973443151
        },
        {
          "day": 2.0,
          "stage_05EA002_m": 1.8673046528204211,
          "estimated_discharge_m3s": 8.409756209076008,
          "estimated_project_wse_m": 650.2985115222656,
          "estimated_starkey_wse_m": 650.2985115222656,
          "depth_over_main_floodplain_m": 0.0985115222655395
        },
        {
          "day": 3.0,
          "stage_05EA002_m": 1.8213358770921086,
          "estimated_discharge_m3s": 7.890581282958792,
          "estimated_project_wse_m": 650.2695688429437,
          "estimated_starkey_wse_m": 650.2695688429437,
          "depth_over_main_floodplain_m": 0.06956884294368137
        },
        {
          "day": 4.0,
          "stage_05EA002_m": 1.7756982564559969,
          "estimated_discharge_m3s": 7.375146448192773,
          "estimated_project_wse_m": 650.2388859667849,
          "estimated_starkey_wse_m": 650.2388859667849,
          "depth_over_main_floodplain_m": 0.03888596678484646
        },
        {
          "day": 5.0,
          "stage_05EA002_m": 1.7813849306966176,
          "estimated_discharge_m3s": 7.4393721890777655,
          "estimated_project_wse_m": 650.2428241779212,
          "estimated_starkey_wse_m": 650.2428241779212,
          "depth_over_main_floodplain_m": 0.042824177921147566
        },
        {
          "day": 6.0,
          "stage_05EA002_m": 1.7360351132296679,
          "estimated_discharge_m3s": 6.927187825674508,
          "estimated_project_wse_m": 650.2104251246983,
          "estimated_starkey_wse_m": 650.2104251246983,
          "depth_over_main_floodplain_m": 0.010425124698258514
        },
        {
          "day": 7.0,
          "stage_05EA002_m": 1.6910119919330353,
          "estimated_discharge_m3s": 6.418693194212114,
          "estimated_project_wse_m": 650.1757973878584,
          "estimated_starkey_wse_m": 650.1757973878584,
          "depth_over_main_floodplain_m": -0.02420261214160746
        },
        {
          "day": 8.0,
          "stage_05EA002_m": 1.6463132133157083,
          "estimated_discharge_m3s": 5.913861714180168,
          "estimated_project_wse_m": 650.1385915729544,
          "estimated_starkey_wse_m": 650.1385915729544,
          "depth_over_main_floodplain_m": -0.06140842704564875
        },
        {
          "day": 9.0,
          "stage_05EA002_m": 1.601936440841024,
          "estimated_discharge_m3s": 5.412666996551987,
          "estimated_project_wse_m": 650.0983691668602,
          "estimated_starkey_wse_m": 650.0983691668602,
          "depth_over_main_floodplain_m": -0.10163083313989318
        },
        {
          "day": 10.0,
          "stage_05EA002_m": 1.557879354804527,
          "estimated_discharge_m3s": 4.915082842405148,
          "estimated_project_wse_m": 650.0545693895667,
          "estimated_starkey_wse_m": 650.0545693895667,
          "depth_over_main_floodplain_m": -0.14543061043332273
        },
        {
          "day": 11.0,
          "stage_05EA002_m": 1.5141396522127135,
          "estimated_discharge_m3s": 4.421083241552008,
          "estimated_project_wse_m": 650.0064590390652,
          "estimated_starkey_wse_m": 650.0064590390652,
          "depth_over_main_floodplain_m": -0.1935409609347971
        },
        {
          "day": 12.0,
          "stage_05EA002_m": 1.4707150466626446,
          "estimated_discharge_m3s": 3.9306423711800633,
          "estimated_project_wse_m": 649.9530536489196,
          "estimated_starkey_wse_m": 649.9530536489196,
          "depth_over_main_floodplain_m": -0.2469463510803962
        },
        {
          "day": 13.0,
          "stage_05EA002_m": 1.4276032682224322,
          "estimated_discharge_m3s": 3.443734594502132,
          "estimated_project_wse_m": 649.8929876947827,
          "estimated_starkey_wse_m": 649.8929876947827,
          "depth_over_main_floodplain_m": -0.30701230521731304
        },
        {
          "day": 14.0,
          "stage_05EA002_m": 1.3848020633125813,
          "estimated_discharge_m3s": 2.9603344594162326,
          "estimated_project_wse_m": 649.8242883915989,
          "estimated_starkey_wse_m": 649.8242883915989,
          "depth_over_main_floodplain_m": -0.37571160840116136
        },
        {
          "day": 15.0,
          "stage_05EA002_m": 1.3423091945881875,
          "estimated_discharge_m3s": 2.4804166971751123,
          "estimated_project_wse_m": 649.7439519043303,
          "estimated_starkey_wse_m": 649.7439519043303,
          "depth_over_main_floodplain_m": -0.45604809566975746
        },
        {
          "day": 16.0,
          "stage_05EA002_m": 1.3001224408219878,
          "estimated_discharge_m3s": 2.0039562210654083,
          "estimated_project_wse_m": 649.6470701181809,
          "estimated_starkey_wse_m": 649.6470701181809,
          "depth_over_main_floodplain_m": -0.5529298818191819
        }
      ]
    },
    "central": {
      "main_floodplain_crossing_days": 6.183894236712761,
      "main_floodplain_crossing_date_utc": "2026-08-12",
      "path_daily": [
        {
          "day": 0.0,
          "stage_05EA002_m": 1.902,
          "estimated_discharge_m3s": 8.801608156907516,
          "estimated_project_wse_m": 650.3191965668872,
          "estimated_starkey_wse_m": 650.3191965668872,
          "depth_over_main_floodplain_m": 0.11919656688712621
        },
        {
          "day": 1.0,
          "stage_05EA002_m": 1.902,
          "estimated_discharge_m3s": 8.801608156907516,
          "estimated_project_wse_m": 650.3191965668872,
          "estimated_starkey_wse_m": 650.3191965668872,
          "depth_over_main_floodplain_m": 0.11919656688712621
        },
        {
          "day": 2.0,
          "stage_05EA002_m": 1.902,
          "estimated_discharge_m3s": 8.801608156907516,
          "estimated_project_wse_m": 650.3191965668872,
          "estimated_starkey_wse_m": 650.3191965668872,
          "depth_over_main_floodplain_m": 0.11919656688712621
        },
        {
          "day": 3.0,
          "stage_05EA002_m": 1.8673046528204211,
          "estimated_discharge_m3s": 8.409756209076008,
          "estimated_project_wse_m": 650.2985115222656,
          "estimated_starkey_wse_m": 650.2985115222656,
          "depth_over_main_floodplain_m": 0.0985115222655395
        },
        {
          "day": 4.0,
          "stage_05EA002_m": 1.8213358770921086,
          "estimated_discharge_m3s": 7.890581282958792,
          "estimated_project_wse_m": 650.2695688429437,
          "estimated_starkey_wse_m": 650.2695688429437,
          "depth_over_main_floodplain_m": 0.06956884294368137
        },
        {
          "day": 5.0,
          "stage_05EA002_m": 1.7756982564559969,
          "estimated_discharge_m3s": 7.375146448192773,
          "estimated_project_wse_m": 650.2388859667849,
          "estimated_starkey_wse_m": 650.2388859667849,
          "depth_over_main_floodplain_m": 0.03888596678484646
        },
        {
          "day": 6.0,
          "stage_05EA002_m": 1.730389405299388,
          "estimated_discharge_m3s": 6.863424761482719,
          "estimated_project_wse_m": 650.2062249881203,
          "estimated_starkey_wse_m": 650.2062249881203,
          "depth_over_main_floodplain_m": 0.006224988120266062
        },
        {
          "day": 7.0,
          "stage_05EA002_m": 1.6854069551953328,
          "estimated_discharge_m3s": 6.3553894736305665,
          "estimated_project_wse_m": 650.1712956752548,
          "estimated_starkey_wse_m": 650.1712956752548,
          "depth_over_main_floodplain_m": -0.028704324745262966
        },
        {
          "day": 8.0,
          "stage_05EA002_m": 1.6407485547788225,
          "estimated_discharge_m3s": 5.851014028137143,
          "estimated_project_wse_m": 650.1337389027641,
          "estimated_starkey_wse_m": 650.1337389027641,
          "depth_over_main_floodplain_m": -0.06626109723595164
        },
        {
          "day": 9.0,
          "stage_05EA002_m": 1.5964118696238818,
          "estimated_discharge_m3s": 5.3502720598140385,
          "estimated_project_wse_m": 650.0931029586027,
          "estimated_starkey_wse_m": 650.0931029586027,
          "depth_over_main_floodplain_m": -0.10689704139736023
        },
        {
          "day": 10.0,
          "stage_05EA002_m": 1.552394582121538,
          "estimated_discharge_m3s": 4.853137393405365,
          "estimated_project_wse_m": 650.0488086998848,
          "estimated_starkey_wse_m": 650.0488086998848,
          "depth_over_main_floodplain_m": -0.1511913001152152
        },
        {
          "day": 11.0,
          "stage_05EA002_m": 1.5086943913586723,
          "estimated_discharge_m3s": 4.359584042219524,
          "estimated_project_wse_m": 650.0000965984922,
          "estimated_starkey_wse_m": 650.0000965984922,
          "depth_over_main_floodplain_m": -0.19990340150786778
        },
        {
          "day": 12.0,
          "stage_05EA002_m": 1.4653090129977466,
          "estimated_discharge_m3s": 3.869586206770798,
          "estimated_project_wse_m": 649.9459430569918,
          "estimated_starkey_wse_m": 649.9459430569918,
          "depth_over_main_floodplain_m": -0.2540569430082087
        },
        {
          "day": 13.0,
          "stage_05EA002_m": 1.4222361791573934,
          "estimated_discharge_m3s": 3.383118273430746,
          "estimated_project_wse_m": 649.8849217519083,
          "estimated_starkey_wse_m": 649.8849217519083,
          "depth_over_main_floodplain_m": -0.3150782480917087
        },
        {
          "day": 14.0,
          "stage_05EA002_m": 1.3794736382938655,
          "estimated_discharge_m3s": 2.90015481308928,
          "estimated_project_wse_m": 649.8149600225723,
          "estimated_starkey_wse_m": 649.8149600225723,
          "depth_over_main_floodplain_m": -0.38503997742770935
        },
        {
          "day": 15.0,
          "stage_05EA002_m": 1.3370191550833428,
          "estimated_discharge_m3s": 2.4206705798254298,
          "estimated_project_wse_m": 649.7328776762887,
          "estimated_starkey_wse_m": 649.7328776762887,
          "depth_over_main_floodplain_m": -0.4671223237113509
        },
        {
          "day": 16.0,
          "stage_05EA002_m": 1.2948705103050862,
          "estimated_discharge_m3s": 1.9446405095876749,
          "estimated_project_wse_m": 649.6334232080972,
          "estimated_starkey_wse_m": 649.6334232080972,
          "depth_over_main_floodplain_m": -0.5665767919028895
        }
      ]
    },
    "wet": {
      "main_floodplain_crossing_days": 10.725739518477052,
      "main_floodplain_crossing_date_utc": "2026-08-17",
      "path_daily": [
        {
          "day": 0.0,
          "stage_05EA002_m": 1.902,
          "estimated_discharge_m3s": 8.801608156907516,
          "estimated_project_wse_m": 650.3191965668872,
          "estimated_starkey_wse_m": 650.3191965668872,
          "depth_over_main_floodplain_m": 0.11919656688712621
        },
        {
          "day": 1.0,
          "stage_05EA002_m": 1.902,
          "estimated_discharge_m3s": 8.801608156907516,
          "estimated_project_wse_m": 650.3191965668872,
          "estimated_starkey_wse_m": 650.3191965668872,
          "depth_over_main_floodplain_m": 0.11919656688712621
        },
        {
          "day": 2.0,
          "stage_05EA002_m": 1.902,
          "estimated_discharge_m3s": 8.801608156907516,
          "estimated_project_wse_m": 650.3191965668872,
          "estimated_starkey_wse_m": 650.3191965668872,
          "depth_over_main_floodplain_m": 0.11919656688712621
        },
        {
          "day": 3.0,
          "stage_05EA002_m": 1.902,
          "estimated_discharge_m3s": 8.801608156907516,
          "estimated_project_wse_m": 650.3191965668872,
          "estimated_starkey_wse_m": 650.3191965668872,
          "depth_over_main_floodplain_m": 0.11919656688712621
        },
        {
          "day": 4.0,
          "stage_05EA002_m": 1.902,
          "estimated_discharge_m3s": 8.801608156907516,
          "estimated_project_wse_m": 650.3191965668872,
          "estimated_starkey_wse_m": 650.3191965668872,
          "depth_over_main_floodplain_m": 0.11919656688712621
        },
        {
          "day": 5.0,
          "stage_05EA002_m": 1.902,
          "estimated_discharge_m3s": 8.801608156907516,
          "estimated_project_wse_m": 650.3191965668872,
          "estimated_starkey_wse_m": 650.3191965668872,
          "depth_over_main_floodplain_m": 0.11919656688712621
        },
        {
          "day": 6.0,
          "stage_05EA002_m": 1.8865566168135215,
          "estimated_discharge_m3s": 8.62718938682264,
          "estimated_project_wse_m": 650.3101054971257,
          "estimated_starkey_wse_m": 650.3101054971257,
          "depth_over_main_floodplain_m": 0.11010549712568718
        },
        {
          "day": 7.0,
          "stage_05EA002_m": 1.8404491515984827,
          "estimated_discharge_m3s": 8.106448090862337,
          "estimated_project_wse_m": 650.2818276324207,
          "estimated_starkey_wse_m": 650.2818276324207,
          "depth_over_main_floodplain_m": 0.08182763242064084
        },
        {
          "day": 8.0,
          "stage_05EA002_m": 1.7946738405827356,
          "estimated_discharge_m3s": 7.5894581702463775,
          "estimated_project_wse_m": 650.251896199644,
          "estimated_starkey_wse_m": 650.251896199644,
          "depth_over_main_floodplain_m": 0.05189619964392023
        },
        {
          "day": 9.0,
          "stage_05EA002_m": 1.7492282909560999,
          "estimated_discharge_m3s": 7.076192600390598,
          "estimated_project_wse_m": 650.2200913827792,
          "estimated_starkey_wse_m": 650.2200913827792,
          "depth_over_main_floodplain_m": 0.020091382779128253
        },
        {
          "day": 10.0,
          "stage_05EA002_m": 1.7548910321948081,
          "estimated_discharge_m3s": 7.140148040091738,
          "estimated_project_wse_m": 650.2241780313719,
          "estimated_starkey_wse_m": 650.2241780313719,
          "depth_over_main_floodplain_m": 0.02417803137188912
        },
        {
          "day": 11.0,
          "stage_05EA002_m": 1.709732074485643,
          "estimated_discharge_m3s": 6.630119261627964,
          "estimated_project_wse_m": 650.1905171315734,
          "estimated_starkey_wse_m": 650.1905171315734,
          "depth_over_main_floodplain_m": -0.009482868426630375
        },
        {
          "day": 12.0,
          "stage_05EA002_m": 1.6648984380095746,
          "estimated_discharge_m3s": 6.123764686457218,
          "estimated_project_wse_m": 650.1544330782692,
          "estimated_starkey_wse_m": 650.1544330782692,
          "depth_over_main_floodplain_m": -0.045566921730824106
        },
        {
          "day": 13.0,
          "stage_05EA002_m": 1.620387779180521,
          "estimated_discharge_m3s": 5.621057845936129,
          "estimated_project_wse_m": 650.1155278059338,
          "estimated_starkey_wse_m": 650.1155278059338,
          "depth_over_main_floodplain_m": -0.08447219406627937
        },
        {
          "day": 14.0,
          "stage_05EA002_m": 1.5761977712953945,
          "estimated_discharge_m3s": 5.121972462099173,
          "estimated_project_wse_m": 650.0732964063554,
          "estimated_starkey_wse_m": 650.0732964063554,
          "depth_over_main_floodplain_m": -0.12670359364460637
        },
        {
          "day": 15.0,
          "stage_05EA002_m": 1.5323261044124752,
          "estimated_discharge_m3s": 4.626482446285021,
          "estimated_project_wse_m": 650.0270851018995,
          "estimated_starkey_wse_m": 650.0270851018995,
          "depth_over_main_floodplain_m": -0.17291489810054372
        },
        {
          "day": 16.0,
          "stage_05EA002_m": 1.4887704852306616,
          "estimated_discharge_m3s": 4.13456189777278,
          "estimated_project_wse_m": 649.9760262784944,
          "estimated_starkey_wse_m": 649.9760262784944,
          "depth_over_main_floodplain_m": -0.22397372150567207
        }
      ]
    }
  },
  "uncertainty": {
    "starkey_transfer_m": 0.15,
    "rating_fit_rmse_m3s": 0.01741780594440988,
    "confidence": "low_to_moderate_for_scheduling; field verification required"
  },
  "low_pocket": {
    "elevation_m": 649.6,
    "status": "not reliably represented by river-stage transfer",
    "interpretation": "The 649.60 m pocket may be controlled by local ponding/drainage. Raising it toward 650.20 m removes this separate low-point constraint."
  },
  "limitations": [
    "The current-event rating is fitted to recent provisional 05EA002 observations and can shift if backwater or conveyance changes.",
    "Forecast paths are daily recession-delay scenarios, not an unsteady hydraulic simulation.",
    "The 650.20 m / 6.77 m3/s low-flow anchor is reconstructed rather than one concurrent surveyed project-site water level.",
    "The RS18883 curve is now constrained by the complete 2- to 1,000-year design profile above 14 m3/s, but the segment from 6.77 to 14 m3/s still depends on the approximate low-flow anchor.",
    "Final construction release requires direct site inspection and bearing-capacity confirmation."
  ]
}
