{
  "generated_utc": "2026-08-05T04:23:57+00:00",
  "status": "historical_response_shadow_available",
  "mode": "shadow_only_no_effect_on_operational_forecast",
  "hrdps": {
    "run_time_utc": "2026-08-05T00:00:00+00:00",
    "horizon_h": 48,
    "complete_horizon": true,
    "basin_mm": 3.0791654637624246,
    "storm_type": "upper_lake_chain_concentrated",
    "feature_vector": {
      "basin_mm": 3.0791654637624246,
      "lower_ratio": 0.6933829521711086,
      "upper_ratio": 1.198627067751891,
      "duration_h": 36.0,
      "antecedent_168h_mm": 19.270530974868837,
      "basin_pct_gt_10mm": 0.0,
      "pre_stage_m": 1.933
    }
  },
  "official_analogue_response_days_lost": 1.0896352372522746,
  "historical_censored_model_days_lost": 4.736338470421221,
  "historical_model_minus_official_days": 3.6467032331689464,
  "historical_model_rmse_sensitivity_days": 4.044411183176048,
  "historical_model_upper_rmse_sensitivity_days": 8.780749653597269,
  "prediction_detail": {
    "status": "prediction_available",
    "transformed_features": {
      "log_basin_mm": 1.4058924242987738,
      "log_antecedent_168h_mm": 3.0091681552302867,
      "pre_stage_m": 1.933
    },
    "standardized_features": {
      "log_basin_mm": -1.0288380210094072,
      "log_antecedent_168h_mm": 1.2485570321093387,
      "pre_stage_m": 1.1365772411422526
    },
    "prediction_log1p_days": 1.7468211096493707
  },
  "historical_model": {
    "status": "historical_censored_response_model_evaluated",
    "target": "stage_exact_recession_equivalent_days",
    "resolved_peak_events": 10,
    "censored_lower_bound_events": 27,
    "preferred_feature_set": "amount_only",
    "preferred_exact_rmse_days": 4.044411183176048,
    "constraint_satisfaction_pct": 66.66666666666666,
    "combined_screen_passed": false,
    "promotion_screen": {
      "candidate_passes_minimum_screen": false,
      "automatic_promotion_enabled": false,
      "reasons_not_to_promote": [
        "no_candidate_preserves_exact_event_skill_and_satisfies_75_percent_of_censored_bounds"
      ],
      "requirements": [
        "at least ten resolved response peaks",
        "at least fifteen unresolved censored lower bounds",
        "leave-one-event-out exact-event RMSE no more than 15 percent worse than exact-only amount model",
        "at least 75 percent of censored lower bounds satisfied",
        "best-performing feature set selected by out-of-sample validation",
        "manual engineering review and operational hindcast"
      ]
    }
  },
  "interpretation": "This is an independent historical response comparison using all resolved peaks and censored lower bounds. It does not alter the official forecast. A difference is diagnostic evidence, not a calibrated probability.",
  "limitations": [
    "The historical candidate is amount-only because 10 km spatial features did not improve leave-one-event-out skill.",
    "The candidate satisfies only about 65 percent of censored lower bounds and has not passed promotion gates.",
    "The RMSE-based upper sensitivity is not a p90 confidence bound."
  ]
}
