{
  "status": "diagnostic_only",
  "current_limb": "falling",
  "rising_points": 27,
  "falling_points": 285,
  "comparison_status": "apparent_loop_quantified",
  "confidence_effect": "small_apparent_hysteresis"
}
{
  "status": "diagnostic_only_no_automatic_recalibration",
  "score": 64.0,
  "tier": "low_to_moderate",
  "short_range_input": "short_range_feature_vector_incomplete",
  "feature_coverage": "short_range_features_unavailable",
  "rating_support": "target_inside_current_limb_fit_range",
  "transfer_support": "approximate_low_flow_anchor_plus_complete_design_profile",
  "historical_validation": "screened_event_block_validation_available",
  "storage_signal": "high_residual_storage_signal"
}
Traceback (most recent call last):
  File "/home/runner/work/sturgeon-river-hydrology/sturgeon-river-hydrology/operational_readiness.py", line 406, in <module>
    main()
  File "/home/runner/work/sturgeon-river-hydrology/sturgeon-river-hydrology/operational_readiness.py", line 76, in main
    calibration_health.main()
  File "/home/runner/work/sturgeon-river-hydrology/sturgeon-river-hydrology/calibration_health.py", line 596, in main
    raise RuntimeError(
RuntimeError: Complete HRDPS 48-hour input is unavailable or incomplete; the operational package must be degraded rather than treating the short-range delay as zero.
