{
  "generated_utc": "2026-08-14T14:32:42.090414+00:00",
  "target_05EA002": {
    "metric": "water_level_m",
    "latest_utc": "2026-08-14T14:05:00+00:00",
    "latest": 1.611,
    "change_24h": -0.028999999999999915,
    "change_72h": -0.08200000000000007,
    "station": "05EA002"
  },
  "gauges": [
    {
      "metric": "water_level_m",
      "latest_utc": "2026-08-14T14:05:00+00:00",
      "latest": 1.611,
      "change_24h": -0.028999999999999915,
      "change_72h": -0.08200000000000007,
      "station": "05EA002"
    },
    {
      "metric": "discharge_m3s",
      "latest_utc": "2026-08-14T14:05:00+00:00",
      "latest": 5.94,
      "change_24h": -0.2699999999999996,
      "change_72h": -0.7599999999999998,
      "station": "05EA002"
    },
    {
      "metric": "water_level_m",
      "latest_utc": "2026-08-14T13:20:00+00:00",
      "latest": 0.903,
      "change_24h": 0.015000000000000013,
      "change_72h": -0.038999999999999924,
      "station": "05EA005"
    },
    {
      "metric": "discharge_m3s",
      "latest_utc": "2026-08-14T13:20:00+00:00",
      "latest": 0.324,
      "change_24h": 0.063,
      "change_72h": -0.198,
      "station": "05EA005"
    },
    {
      "metric": "water_level_m",
      "latest_utc": "2026-08-14T13:40:00+00:00",
      "latest": 724.077,
      "change_24h": 0.07699999999999818,
      "change_72h": 0.18100000000004002,
      "station": "05EA006"
    },
    {
      "metric": "water_level_m",
      "latest_utc": "2026-08-14T14:05:00+00:00",
      "latest": 0.581,
      "change_24h": 0.04999999999999993,
      "change_72h": 0.12499999999999994,
      "station": "05EA010"
    },
    {
      "metric": "discharge_m3s",
      "latest_utc": "2026-08-14T14:05:00+00:00",
      "latest": 0.073,
      "change_24h": 0.041999999999999996,
      "change_72h": 0.071,
      "station": "05EA010"
    },
    {
      "metric": "water_level_m",
      "latest_utc": "2026-08-14T14:05:00+00:00",
      "latest": 8.09,
      "change_24h": -0.02800000000000047,
      "change_72h": 0.010999999999999233,
      "station": "05EA011"
    },
    {
      "metric": "discharge_m3s",
      "latest_utc": "2026-08-14T14:05:00+00:00",
      "latest": 0.0,
      "change_24h": 0.0,
      "change_72h": 0.0,
      "station": "05EA011"
    },
    {
      "metric": "water_level_m",
      "latest_utc": "2026-08-14T14:05:00+00:00",
      "latest": 8.694,
      "change_24h": -0.04099999999999859,
      "change_72h": 0.05400000000000027,
      "station": "05EA012"
    },
    {
      "metric": "discharge_m3s",
      "latest_utc": "2026-08-14T14:05:00+00:00",
      "latest": 1.82,
      "change_24h": -0.15999999999999992,
      "change_72h": 0.28,
      "station": "05EA012"
    }
  ],
  "recent_precip_24h": [
    {
      "station": "05EA002",
      "period_end_utc": "2026-08-14T06:00:00+00:00",
      "period_hours": 24,
      "precip_mm": 2.132903250698933,
      "n_6h_periods": 4,
      "mean_cfia": 0.40322659320328325,
      "area_km2": 2590.88335366
    },
    {
      "station": "05EA005",
      "period_end_utc": "2026-08-14T06:00:00+00:00",
      "period_hours": 24,
      "precip_mm": 2.122706129203184,
      "n_6h_periods": 4,
      "mean_cfia": 0.3342770476225573,
      "area_km2": 1889.49091781
    },
    {
      "station": "05EA010",
      "period_end_utc": "2026-08-14T06:00:00+00:00",
      "period_hours": 24,
      "precip_mm": 2.816084676194563,
      "n_6h_periods": 4,
      "mean_cfia": 0.0614235617897725,
      "area_km2": 121.243196585
    },
    {
      "station": "05EA011",
      "period_end_utc": "2026-08-14T06:00:00+00:00",
      "period_hours": 24,
      "precip_mm": 4.5510706177232185,
      "n_6h_periods": 4,
      "mean_cfia": 0.49734933035714274,
      "area_km2": 97.0690958164
    },
    {
      "station": "05EA012",
      "period_end_utc": "2026-08-14T06:00:00+00:00",
      "period_hours": 24,
      "precip_mm": 0.836938112886916,
      "n_6h_periods": 4,
      "mean_cfia": 0.6438562729779412,
      "area_km2": 287.073915676
    }
  ]
}
