{
  "status": "not_ready_for_extended_historical_testing",
  "dry_hourly_points": 75,
  "holdout": {
    "train_points": 52,
    "test_points": 23,
    "official_stage_recession_then_rating": {
      "n": 23,
      "rmse_m3s": 0.3723099657182772,
      "mae_m3s": 0.24124420978700092,
      "bias_m3s": -0.13618213999984666
    },
    "direct_discharge_candidate": {
      "n": 23,
      "rmse_m3s": 0.3671936960796243,
      "mae_m3s": 0.24137039666771554,
      "bias_m3s": -0.12463740229236564
    },
    "rmse_improvement_fraction": 0.013741962637992544,
    "minimum_improvement_required": 0.1
  },
  "current_projection": {
    "current_discharge_m3s": 11.5,
    "candidate_rain_free": {
      "reached": true,
      "hours": 265,
      "days": 11.041666666666666,
      "path_daily": [
        {
          "day": 1,
          "discharge_m3s": 10.99244237227969,
          "rate_m3s_per_day": -0.49845631957444
        },
        {
          "day": 2,
          "discharge_m3s": 10.502168054771378,
          "rate_m3s_per_day": -0.4814829263520291
        },
        {
          "day": 3,
          "discharge_m3s": 10.028588517630219,
          "rate_m3s_per_day": -0.4650875097068406
        },
        {
          "day": 4,
          "discharge_m3s": 9.571135271580816,
          "rate_m3s_per_day": -0.4492503884284389
        },
        {
          "day": 5,
          "discharge_m3s": 9.129259185497398,
          "rate_m3s_per_day": -0.4339525514893327
        },
        {
          "day": 6,
          "discharge_m3s": 8.702429827221694,
          "rate_m3s_per_day": -0.41917563522396056
        },
        {
          "day": 7,
          "discharge_m3s": 8.29013482682728,
          "rate_m3s_per_day": -0.40490190128477704
        },
        {
          "day": 8,
          "discharge_m3s": 7.891879261565921,
          "rate_m3s_per_day": -0.3911142153489745
        },
        {
          "day": 9,
          "discharge_m3s": 7.507185061757741,
          "rate_m3s_per_day": -0.37779602655028377
        },
        {
          "day": 10,
          "discharge_m3s": 7.135590436911918,
          "rate_m3s_per_day": -0.36493134761116014
        },
        {
          "day": 11,
          "discharge_m3s": 6.776649321389091,
          "rate_m3s_per_day": -0.35250473565150664
        }
      ]
    },
    "official_stage_based_rain_free_days": 8.208333333333334,
    "candidate_minus_official_days": 2.833333333333332,
    "target_outside_candidate_fit_range": true
  },
  "promotion_recommended": false
}
