{
  "generated_utc": "2026-08-01T14:15:55+00:00",
  "status": "historical_response_shadow_available",
  "mode": "shadow_only_no_effect_on_operational_forecast",
  "hrdps": {
    "run_time_utc": "2026-08-01T06:00:00+00:00",
    "horizon_h": 48,
    "complete_horizon": true,
    "basin_mm": 12.962391813468042,
    "storm_type": "widespread_basin",
    "feature_vector": {
      "basin_mm": 12.962391813468042,
      "lower_ratio": 1.1374374025906369,
      "upper_ratio": 1.0604962599066463,
      "duration_h": 30.0,
      "antecedent_168h_mm": 27.523862894321965,
      "basin_pct_gt_10mm": 74.57627118644068,
      "pre_stage_m": 2.065
    }
  },
  "official_analogue_response_days_lost": 1.1349200159605082,
  "historical_censored_model_days_lost": 5.6936498582383575,
  "historical_model_minus_official_days": 4.558729842277849,
  "historical_model_rmse_sensitivity_days": 4.040135623521664,
  "historical_model_upper_rmse_sensitivity_days": 9.733785481760021,
  "prediction_detail": {
    "status": "prediction_available",
    "transformed_features": {
      "log_basin_mm": 2.6363674160013284,
      "log_antecedent_168h_mm": 3.3507410314766886,
      "pre_stage_m": 2.065
    },
    "standardized_features": {
      "log_basin_mm": 0.4493612340738618,
      "log_antecedent_168h_mm": 1.5705396051618714,
      "pre_stage_m": 1.3813173753906811
    },
    "prediction_log1p_days": 1.9011592946147458
  },
  "historical_model": {
    "status": "historical_censored_response_model_evaluated",
    "target": "stage_exact_recession_equivalent_days",
    "resolved_peak_events": 10,
    "censored_lower_bound_events": 26,
    "preferred_feature_set": "amount_only",
    "preferred_exact_rmse_days": 4.040135623521664,
    "constraint_satisfaction_pct": 65.38461538461539,
    "combined_screen_passed": false,
    "promotion_screen": {
      "candidate_passes_minimum_screen": false,
      "automatic_promotion_enabled": false,
      "reasons_not_to_promote": [
        "no_candidate_preserves_exact_event_skill_and_satisfies_75_percent_of_censored_bounds",
        "spatial_features_are_not_selected"
      ],
      "requirements": [
        "at least ten resolved response peaks",
        "at least fifteen unresolved censored lower bounds",
        "leave-one-event-out exact-event RMSE no more than 15 percent worse than exact-only amount model",
        "at least 75 percent of censored lower bounds satisfied",
        "spatial model selected over amount-only model",
        "manual engineering review and operational hindcast"
      ]
    }
  },
  "interpretation": "This is an independent historical response comparison using all resolved peaks and censored lower bounds. It does not alter the official forecast. A difference is diagnostic evidence, not a calibrated probability.",
  "limitations": [
    "The historical candidate is amount-only because 10 km spatial features did not improve leave-one-event-out skill.",
    "The candidate satisfies only about 65 percent of censored lower bounds and has not passed promotion gates.",
    "The RMSE-based upper sensitivity is not a p90 confidence bound."
  ]
}
