{
  "status": "historical_spatial_event_backfill_complete",
  "events": {
    "minimum_6h_basin_mm": 0.25,
    "minimum_event_basin_mm": 1.5,
    "join_gap_hours": 18,
    "detected_events": 74,
    "extracted_response_events": 55,
    "uncensored_point_training_events": 1,
    "complete_recovery_events": 1,
    "storm_type_counts_all": {
      "widespread_basin": 20,
      "upper_lake_chain_concentrated": 14,
      "tributary_localized_carrot_creek": 9,
      "mixed_or_weak": 7,
      "lower_basin_concentrated": 3,
      "middle_mainstem_concentrated": 2
    },
    "storm_type_counts_training": {
      "widespread_basin": 1
    }
  },
  "preferred_model": null,
  "promotion_screen": {
    "candidate_passes_minimum_screen": false,
    "reasons_not_to_promote": [
      "fewer_than_four_uncensored_spatial_events"
    ]
  }
}
